<html>
<body>
<pre>
<h1>µVision Build Log</h1>
<h2>Tool Versions:</h2>
IDE-Version: ¦ÌVision V5.14.0.0
Copyright (C) 2015 ARM Ltd and ARM Germany GmbH. All rights reserved.
License Information: wu 8618309625083,  , LIC=MPPLD-8NG0T-X7PRZ-JK73Q-GU9XX-PV4U0
 
Tool Versions:
Toolchain:       MDK-ARM Plus  Version: 5.14.0.0
Toolchain Path:  D:\software_English_save\keil5\ARM\ARMCC\Bin
C Compiler:      Armcc.exe V5.05 update 1 (build 106)
Assembler:       Armasm.exe V5.05 update 1 (build 106)
Linker/Locator:  ArmLink.exe V5.05 update 1 (build 106)
Library Manager: ArmAr.exe V5.05 update 1 (build 106)
Hex Converter:   FromElf.exe V5.05 update 1 (build 106)
CPU DLL:         SARMCM3.DLL V5.14.0.0
Dialog DLL:      DCM.DLL V1.13.1.0
Target DLL:      STLink\ST-LINKIII-KEIL_SWO.dll V2.0.14.0_KEIL
Dialog DLL:      TCM.DLL V1.14.4.0
 
<h2>Project:</h2>
D:\study_data_save\stm32_project\HAL\smart_car_control\MDK-ARM\smart_car_control.uvprojx
Project File Date:  09/02/2025

<h2>Output:</h2>
Build target 'smart_car_control'
compiling main.c...
../Core/Inc/oled.h(13): warning:  #1295-D: Deprecated declaration OLED_Init - give arg types
  void OLED_Init();
../Core/Inc/oled.h(14): warning:  #1295-D: Deprecated declaration OLED_DisPlay_On - give arg types
  void OLED_DisPlay_On();
../Core/Inc/oled.h(15): warning:  #1295-D: Deprecated declaration OLED_DisPlay_Off - give arg types
  void OLED_DisPlay_Off();
../Core/Inc/oled.h(17): warning:  #1295-D: Deprecated declaration OLED_NewFrame - give arg types
  void OLED_NewFrame();
../Core/Inc/oled.h(18): warning:  #1295-D: Deprecated declaration OLED_ShowFrame - give arg types
  void OLED_ShowFrame();
../Core/Inc/oled.h(35): warning:  #1-D: last line of file ends without a newline
  #endif // __OLED_H__
../Core/Inc/cube.h(53): warning:  #1-D: last line of file ends without a newline
  #endif // CUBE_COORDS_H
../Core/Src/main.c(326): warning:  #177-D: variable "G_X" was declared but never referenced
        float G_X=0,G_Y=0,G_Z=0;
../Core/Src/main.c(326): warning:  #177-D: variable "G_Y" was declared but never referenced
        float G_X=0,G_Y=0,G_Z=0;
../Core/Src/main.c(326): warning:  #177-D: variable "G_Z" was declared but never referenced
        float G_X=0,G_Y=0,G_Z=0;
../Core/Src/main.c: 10 warnings, 0 errors
linking...
Program Size: Code=19060 RO-data=2332 RW-data=200 ZI-data=2680  
FromELF: creating hex file...
"smart_car_control\smart_car_control.axf" - 0 Error(s), 10 Warning(s).

<h2>Software Packages used:</h2>

Package Vendor: ARM
                http://www.keil.com/pack/ARM.CMSIS.5.9.0.pack
                ARM::CMSIS:CORE:5.6.0
                CMSIS (Common Microcontroller Software Interface Standard)
   * Component: CORE Version: 5.6.0

<h2>Collection of Component include folders:</h2>
  D:\study_data_save\stm32_project\HAL\smart_car_control\MDK-ARM\RTE
  D:\software_English_save\keil5\ARM\PACK\ARM\CMSIS\5.9.0\CMSIS\Core\Include
  D:\software_English_save\keil5\ARM\PACK\Keil\STM32F1xx_DFP\2.2.0

<h2>Collection of Component Files used:</h2>

   * Component: ARM::CMSIS:CORE:5.6.0
      Include file:  CMSIS\Core\Include\tz_context.h
      Source file:   CMSIS\Core\Template\ARMv8-M\main_s.c
      Source file:   CMSIS\Core\Template\ARMv8-M\tz_context.c
</pre>
</body>
</html>
