Component: ARM Compiler 5.05 update 1 (build 106) Tool: armlink [4d0efa]

==============================================================================

Section Cross References

    startup_stm32f103xb.o(STACK) refers (Special) to heapauxi.o(.text) for __use_two_region_memory
    startup_stm32f103xb.o(HEAP) refers (Special) to heapauxi.o(.text) for __use_two_region_memory
    startup_stm32f103xb.o(RESET) refers (Special) to heapauxi.o(.text) for __use_two_region_memory
    startup_stm32f103xb.o(RESET) refers to startup_stm32f103xb.o(STACK) for __initial_sp
    startup_stm32f103xb.o(RESET) refers to startup_stm32f103xb.o(.text) for Reset_Handler
    startup_stm32f103xb.o(RESET) refers to stm32f1xx_it.o(i.NMI_Handler) for NMI_Handler
    startup_stm32f103xb.o(RESET) refers to stm32f1xx_it.o(i.HardFault_Handler) for HardFault_Handler
    startup_stm32f103xb.o(RESET) refers to stm32f1xx_it.o(i.MemManage_Handler) for MemManage_Handler
    startup_stm32f103xb.o(RESET) refers to stm32f1xx_it.o(i.BusFault_Handler) for BusFault_Handler
    startup_stm32f103xb.o(RESET) refers to stm32f1xx_it.o(i.UsageFault_Handler) for UsageFault_Handler
    startup_stm32f103xb.o(RESET) refers to stm32f1xx_it.o(i.SVC_Handler) for SVC_Handler
    startup_stm32f103xb.o(RESET) refers to stm32f1xx_it.o(i.DebugMon_Handler) for DebugMon_Handler
    startup_stm32f103xb.o(RESET) refers to stm32f1xx_it.o(i.PendSV_Handler) for PendSV_Handler
    startup_stm32f103xb.o(RESET) refers to stm32f1xx_it.o(i.SysTick_Handler) for SysTick_Handler
    startup_stm32f103xb.o(RESET) refers to stm32f1xx_it.o(i.USART1_IRQHandler) for USART1_IRQHandler
    startup_stm32f103xb.o(.text) refers (Special) to heapauxi.o(.text) for __use_two_region_memory
    startup_stm32f103xb.o(.text) refers to system_stm32f1xx_1.o(i.SystemInit) for SystemInit
    startup_stm32f103xb.o(.text) refers to __main.o(!!!main) for __main
    startup_stm32f103xb.o(.text) refers to startup_stm32f103xb.o(HEAP) for Heap_Mem
    startup_stm32f103xb.o(.text) refers to startup_stm32f103xb.o(STACK) for Stack_Mem
    font.o(.constdata) refers to font.o(.constdata) for ascii_8x6
    font.o(.constdata) refers to font.o(.constdata) for ascii_12x6
    font.o(.constdata) refers to font.o(.constdata) for ascii_16x8
    font.o(.constdata) refers to font.o(.constdata) for ascii_24x12
    font.o(.constdata) refers to font.o(.constdata) for zh16x16
    font.o(.constdata) refers to font.o(.constdata) for afont16x8
    font.o(.constdata) refers to font.o(.constdata) for bilibiliData
    hcsr04.o(i.hcsr04_measure) refers to stm32f1xx_hal_gpio.o(i.HAL_GPIO_WritePin) for HAL_GPIO_WritePin
    hcsr04.o(i.hcsr04_measure) refers to stm32f1xx_hal.o(i.HAL_GetTick) for HAL_GetTick
    hcsr04.o(i.hcsr04_measure) refers to hcsr04.o(i.hcsr04_stop) for hcsr04_stop
    hcsr04.o(i.hcsr04_measure) refers to fflt_clz.o(x$fpl$ffltu) for __aeabi_ui2f
    hcsr04.o(i.hcsr04_measure) refers to fmul.o(x$fpl$fmul) for __aeabi_fmul
    hcsr04.o(i.hcsr04_measure) refers to f2d.o(x$fpl$f2d) for __aeabi_f2d
    hcsr04.o(i.hcsr04_measure) refers to d2f.o(x$fpl$d2f) for __aeabi_d2f
    hcsr04.o(i.hcsr04_measure) refers to tim.o(.bss) for htim3
    hcsr04.o(i.hcsr04_measure) refers to hcsr04.o(.data) for .data
    hcsr04.o(i.hcsr04_start) refers to stm32f1xx_hal_tim.o(i.HAL_TIM_IC_Start) for HAL_TIM_IC_Start
    hcsr04.o(i.hcsr04_start) refers to tim.o(.bss) for htim3
    hcsr04.o(i.hcsr04_stop) refers to stm32f1xx_hal_tim.o(i.HAL_TIM_IC_Stop) for HAL_TIM_IC_Stop
    hcsr04.o(i.hcsr04_stop) refers to tim.o(.bss) for htim3
    oled.o(i.OLED_DisPlay_Off) refers to oled.o(i.OLED_SendCmd) for OLED_SendCmd
    oled.o(i.OLED_DisPlay_On) refers to oled.o(i.OLED_SendCmd) for OLED_SendCmd
    oled.o(i.OLED_DrawCircle) refers to oled.o(i.OLED_SetPixel) for OLED_SetPixel
    oled.o(i.OLED_DrawEllipse) refers to dflt_clz.o(x$fpl$dfltu) for __aeabi_ui2d
    oled.o(i.OLED_DrawEllipse) refers to daddsub_clz.o(x$fpl$drsb) for __aeabi_drsub
    oled.o(i.OLED_DrawEllipse) refers to dflt_clz.o(x$fpl$dflt) for __aeabi_i2d
    oled.o(i.OLED_DrawEllipse) refers to dmul.o(x$fpl$dmul) for __aeabi_dmul
    oled.o(i.OLED_DrawEllipse) refers to daddsub_clz.o(x$fpl$dadd) for __aeabi_dadd
    oled.o(i.OLED_DrawEllipse) refers to dfix.o(x$fpl$dfix) for __aeabi_d2iz
    oled.o(i.OLED_DrawEllipse) refers to oled.o(i.OLED_SetPixel) for OLED_SetPixel
    oled.o(i.OLED_DrawEllipse) refers to daddsub_clz.o(x$fpl$dsub) for __aeabi_dsub
    oled.o(i.OLED_DrawFilledCircle) refers to oled.o(i.OLED_SetPixel) for OLED_SetPixel
    oled.o(i.OLED_DrawFilledRectangle) refers to oled.o(i.OLED_DrawLine) for OLED_DrawLine
    oled.o(i.OLED_DrawFilledTriangle) refers to oled.o(i.OLED_DrawLine) for OLED_DrawLine
    oled.o(i.OLED_DrawImage) refers to oled.o(i.OLED_SetBlock) for OLED_SetBlock
    oled.o(i.OLED_DrawLine) refers to oled.o(i.OLED_SetPixel) for OLED_SetPixel
    oled.o(i.OLED_DrawLine) refers to oled.o(.data) for .data
[...]
    ..\\Core\\Src\\oled.c                    0x00000000   Number         0  oled.o ABSOLUTE
    ..\\Core\\Src\\sg90.c                    0x00000000   Number         0  sg90.o ABSOLUTE
    dc.s                                     0x00000000   Number         0  dc.o ABSOLUTE
    startup_stm32f103xb.s                    0x00000000   Number         0  startup_stm32f103xb.o ABSOLUTE
    RESET                                    0x08000000   Section      236  startup_stm32f103xb.o(RESET)
    !!!main                                  0x080000ec   Section        8  __main.o(!!!main)
    !!!scatter                               0x080000f4   Section       52  __scatter.o(!!!scatter)
    !!handler_copy                           0x08000128   Section       26  __scatter_copy.o(!!handler_copy)
    !!handler_zi                             0x08000144   Section       28  __scatter_zi.o(!!handler_zi)
    .ARM.Collect$$_printf_percent$$00000000  0x08000160   Section        0  _printf_percent.o(.ARM.Collect$$_printf_percent$$00000000)
    .ARM.Collect$$_printf_percent$$00000009  0x08000160   Section        6  _printf_d.o(.ARM.Collect$$_printf_percent$$00000009)
    .ARM.Collect$$_printf_percent$$00000017  0x08000166   Section        4  _printf_percent_end.o(.ARM.Collect$$_printf_percent$$00000017)
    .ARM.Collect$$libinit$$00000000          0x0800016a   Section        2  libinit.o(.ARM.Collect$$libinit$$00000000)
    .ARM.Collect$$libinit$$00000002          0x0800016c   Section        0  libinit2.o(.ARM.Collect$$libinit$$00000002)
    .ARM.Collect$$libinit$$00000004          0x0800016c   Section        0  libinit2.o(.ARM.Collect$$libinit$$00000004)
    .ARM.Collect$$libinit$$0000000A          0x0800016c   Section        0  libinit2.o(.ARM.Collect$$libinit$$0000000A)
    .ARM.Collect$$libinit$$0000000C          0x0800016c   Section        0  libinit2.o(.ARM.Collect$$libinit$$0000000C)
    .ARM.Collect$$libinit$$0000000E          0x0800016c   Section        0  libinit2.o(.ARM.Collect$$libinit$$0000000E)
    .ARM.Collect$$libinit$$00000011          0x0800016c   Section        0  libinit2.o(.ARM.Collect$$libinit$$00000011)
    .ARM.Collect$$libinit$$00000013          0x0800016c   Section        0  libinit2.o(.ARM.Collect$$libinit$$00000013)
    .ARM.Collect$$libinit$$00000015          0x0800016c   Section        0  libinit2.o(.ARM.Collect$$libinit$$00000015)
    .ARM.Collect$$libinit$$00000017          0x0800016c   Section        0  libinit2.o(.ARM.Collect$$libinit$$00000017)
    .ARM.Collect$$libinit$$00000019          0x0800016c   Section        0  libinit2.o(.ARM.Collect$$libinit$$00000019)
    .ARM.Collect$$libinit$$0000001B          0x0800016c   Section        0  libinit2.o(.ARM.Collect$$libinit$$0000001B)
    .ARM.Collect$$libinit$$0000001D          0x0800016c   Section        0  libinit2.o(.ARM.Collect$$libinit$$0000001D)
    .ARM.Collect$$libinit$$0000001F          0x0800016c   Section        0  libinit2.o(.ARM.Collect$$libinit$$0000001F)
    .ARM.Collect$$libinit$$00000021          0x0800016c   Section        0  libinit2.o(.ARM.Collect$$libinit$$00000021)
    .ARM.Collect$$libinit$$00000023          0x0800016c   Section        0  libinit2.o(.ARM.Collect$$libinit$$00000023)
    .ARM.Collect$$libinit$$00000025          0x0800016c   Section        0  libinit2.o(.ARM.Collect$$libinit$$00000025)
    .ARM.Collect$$libinit$$0000002C          0x0800016c   Section        0  libinit2.o(.ARM.Collect$$libinit$$0000002C)
    .ARM.Collect$$libinit$$0000002E          0x0800016c   Section        0  libinit2.o(.ARM.Collect$$libinit$$0000002E)
    .ARM.Collect$$libinit$$00000030          0x0800016c   Section        0  libinit2.o(.ARM.Collect$$libinit$$00000030)
    .ARM.Collect$$libinit$$00000032          0x0800016c   Section        0  libinit2.o(.ARM.Collect$$libinit$$00000032)
    .ARM.Collect$$libinit$$00000033          0x0800016c   Section        2  libinit2.o(.ARM.Collect$$libinit$$00000033)
    .ARM.Collect$$libshutdown$$00000000      0x0800016e   Section        2  libshutdown.o(.ARM.Collect$$libshutdown$$00000000)
    .ARM.Collect$$libshutdown$$00000003      0x08000170   Section        0  libshutdown2.o(.ARM.Collect$$libshutdown$$00000003)
    .ARM.Collect$$libshutdown$$00000006      0x08000170   Section        0  libshutdown2.o(.ARM.Collect$$libshutdown$$00000006)
    .ARM.Collect$$libshutdown$$00000009      0x08000170   Section        0  libshutdown2.o(.ARM.Collect$$libshutdown$$00000009)
    .ARM.Collect$$libshutdown$$0000000B      0x08000170   Section        0  libshutdown2.o(.ARM.Collect$$libshutdown$$0000000B)
    .ARM.Collect$$libshutdown$$0000000E      0x08000170   Section        0  libshutdown2.o(.ARM.Collect$$libshutdown$$0000000E)
    .ARM.Collect$$libshutdown$$0000000F      0x08000170   Section        2  libshutdown2.o(.ARM.Collect$$libshutdown$$0000000F)
    .ARM.Collect$$rtentry$$00000000          0x08000172   Section        0  __rtentry.o(.ARM.Collect$$rtentry$$00000000)
    .ARM.Collect$$rtentry$$00000002          0x08000172   Section        0  __rtentry2.o(.ARM.Collect$$rtentry$$00000002)
    .ARM.Collect$$rtentry$$00000004          0x08000172   Section        6  __rtentry4.o(.ARM.Collect$$rtentry$$00000004)
    .ARM.Collect$$rtentry$$00000009          0x08000178   Section        0  __rtentry2.o(.ARM.Collect$$rtentry$$00000009)
    .ARM.Collect$$rtentry$$0000000A          0x08000178   Section        4  __rtentry2.o(.ARM.Collect$$rtentry$$0000000A)
    .ARM.Collect$$rtentry$$0000000C          0x0800017c   Section        0  __rtentry2.o(.ARM.Collect$$rtentry$$0000000C)
    .ARM.Collect$$rtentry$$0000000D          0x0800017c   Section        8  __rtentry2.o(.ARM.Collect$$rtentry$$0000000D)
    .ARM.Collect$$rtexit$$00000000           0x08000184   Section        2  rtexit.o(.ARM.Collect$$rtexit$$00000000)
    .ARM.Collect$$rtexit$$00000002           0x08000186   Section        0  rtexit2.o(.ARM.Collect$$rtexit$$00000002)
    .ARM.Collect$$rtexit$$00000003           0x08000186   Section        4  rtexit2.o(.ARM.Collect$$rtexit$$00000003)
    .ARM.Collect$$rtexit$$00000004           0x0800018a   Section        6  rtexit2.o(.ARM.Collect$$rtexit$$00000004)
    .text                                    0x08000190   Section       64  startup_stm32f103xb.o(.text)
    .text                                    0x080001d0   Section        0  noretval__2sprintf.o(.text)
    .text                                    0x080001f8   Section        0  __printf.o(.text)
    .text                                    0x08000260   Section        0  _printf_dec.o(.text)
    .text                                    0x080002d8   Section        0  memcmp.o(.text)
    .text                                    0x08000330   Section      138  rt_memcpy_v6.o(.text)
    .text                                    0x080003ba   Section       68  rt_memclr.o(.text)
    .text                                    0x080003fe   Section       78  rt_memclr_w.o(.text)
    .text                                    0x0800044c   Section        0  heapauxi.o(.text)
    .text                                    0x08000452   Section        0  _printf_intcommon.o(.text)
    .text                                    0x08000504   Section        0  _printf_char_common.o(.text)
    _printf_input_char                       0x08000505   Thumb Code    10  _printf_char_common.o(.text)
    .text                                    0x08000534   Section        0  _sputc.o(.text)
    .text                                    0x0800053e   Section      100  rt_memcpy_w.o(.text)
    .text                                    0x080005a2   Section       74  sys_stackheap_outer.o(.text)
    .text                                    0x080005ec   Section        0  exit.o(.text)
    .text                                    0x080005f8   Section        8  libspace.o(.text)
    .text                                    0x08000600   Section        0  sys_exit.o(.text)
    .text                                    0x0800060c   Section        2  use_no_semi.o(.text)
    .text                                    0x0800060e   Section        0  indicate_semi.o(.text)
    i.Back                                   0x08000610   Section        0  main.o(i.Back)
    i.BusFault_Handler                       0x08000654   Section        0  stm32f1xx_it.o(i.BusFault_Handler)
    i.DebugMon_Handler                       0x08000656   Section        0  stm32f1xx_it.o(i.DebugMon_Handler)
    i.Error_Handler                          0x08000658   Section        0  main.o(i.Error_Handler)
    i.Front                                  0x0800065c   Section        0  main.o(i.Front)
    i.HAL_DMA_Abort                          0x080006a0   Section        0  stm32f1xx_hal_dma.o(i.HAL_DMA_Abort)
    i.HAL_DMA_Abort_IT                       0x080006e8   Section        0  stm32f1xx_hal_dma.o(i.HAL_DMA_Abort_IT)
    i.HAL_Delay                              0x08000780   Section        0  stm32f1xx_hal.o(i.HAL_Delay)
    i.HAL_GPIO_Init                          0x080007a4   Section        0  stm32f1xx_hal_gpio.o(i.HAL_GPIO_Init)
    i.HAL_GPIO_ReadPin                       0x08000984   Section        0  stm32f1xx_hal_gpio.o(i.HAL_GPIO_ReadPin)
    i.HAL_GPIO_WritePin                      0x0800098e   Section        0  stm32f1xx_hal_gpio.o(i.HAL_GPIO_WritePin)
    i.HAL_GetTick                            0x08000998   Section        0  stm32f1xx_hal.o(i.HAL_GetTick)
    i.HAL_I2C_Init                           0x080009a4   Section        0  stm32f1xx_hal_i2c.o(i.HAL_I2C_Init)
    i.HAL_I2C_Master_Transmit                0x08000b2c   Section        0  stm32f1xx_hal_i2c.o(i.HAL_I2C_Master_Transmit)
    i.HAL_I2C_MspInit                        0x08000c58   Section        0  i2c.o(i.HAL_I2C_MspInit)
    i.HAL_IncTick                            0x08000cb8   Section        0  stm32f1xx_hal.o(i.HAL_IncTick)
    i.HAL_Init                               0x08000cc8   Section        0  stm32f1xx_hal.o(i.HAL_Init)
    i.HAL_InitTick                           0x08000cec   Section        0  stm32f1xx_hal.o(i.HAL_InitTick)
    i.HAL_MspInit                            0x08000d2c   Section        0  stm32f1xx_hal_msp.o(i.HAL_MspInit)
    i.HAL_NVIC_EnableIRQ                     0x08000d68   Section        0  stm32f1xx_hal_cortex.o(i.HAL_NVIC_EnableIRQ)
    i.HAL_NVIC_SetPriority                   0x08000d84   Section        0  stm32f1xx_hal_cortex.o(i.HAL_NVIC_SetPriority)
    i.HAL_NVIC_SetPriorityGrouping           0x08000dc4   Section        0  stm32f1xx_hal_cortex.o(i.HAL_NVIC_SetPriorityGrouping)
    i.HAL_RCC_ClockConfig                    0x08000de8   Section        0  stm32f1xx_hal_rcc.o(i.HAL_RCC_ClockConfig)
    i.HAL_RCC_GetPCLK1Freq                   0x08000f14   Section        0  stm32f1xx_hal_rcc.o(i.HAL_RCC_GetPCLK1Freq)
    i.HAL_RCC_GetPCLK2Freq                   0x08000f34   Section        0  stm32f1xx_hal_rcc.o(i.HAL_RCC_GetPCLK2Freq)
    i.HAL_RCC_GetSysClockFreq                0x08000f54   Section        0  stm32f1xx_hal_rcc.o(i.HAL_RCC_GetSysClockFreq)
    i.HAL_RCC_OscConfig                      0x08000fa0   Section        0  stm32f1xx_hal_rcc.o(i.HAL_RCC_OscConfig)
    i.HAL_SYSTICK_Config                     0x080012c0   Section        0  stm32f1xx_hal_cortex.o(i.HAL_SYSTICK_Config)
    i.HAL_TIMEx_ConfigBreakDeadTime          0x080012e8   Section        0  stm32f1xx_hal_tim_ex.o(i.HAL_TIMEx_ConfigBreakDeadTime)
    i.HAL_TIMEx_MasterConfigSynchronization  0x0800133c   Section        0  stm32f1xx_hal_tim_ex.o(i.HAL_TIMEx_MasterConfigSynchronization)
    i.HAL_TIM_Base_Init                      0x080013a4   Section        0  stm32f1xx_hal_tim.o(i.HAL_TIM_Base_Init)
    i.HAL_TIM_Base_MspInit                   0x08001400   Section        0  tim.o(i.HAL_TIM_Base_MspInit)
    i.HAL_TIM_ConfigClockSource              0x08001488   Section        0  stm32f1xx_hal_tim.o(i.HAL_TIM_ConfigClockSource)
    i.HAL_TIM_IC_ConfigChannel               0x08001564   Section        0  stm32f1xx_hal_tim.o(i.HAL_TIM_IC_ConfigChannel)
    i.HAL_TIM_IC_Init                        0x08001688   Section        0  stm32f1xx_hal_tim.o(i.HAL_TIM_IC_Init)
    i.HAL_TIM_IC_MspInit                     0x080016e2   Section        0  stm32f1xx_hal_tim.o(i.HAL_TIM_IC_MspInit)
    i.HAL_TIM_IC_Start                       0x080016e4   Section        0  stm32f1xx_hal_tim.o(i.HAL_TIM_IC_Start)
    i.HAL_TIM_IC_Stop                        0x0800179c   Section        0  stm32f1xx_hal_tim.o(i.HAL_TIM_IC_Stop)
    i.HAL_TIM_MspPostInit                    0x080017f0   Section        0  tim.o(i.HAL_TIM_MspPostInit)
    i.HAL_TIM_PWM_ConfigChannel              0x0800189c   Section        0  stm32f1xx_hal_tim.o(i.HAL_TIM_PWM_ConfigChannel)
    i.HAL_TIM_PWM_Init                       0x08001968   Section        0  stm32f1xx_hal_tim.o(i.HAL_TIM_PWM_Init)
    i.HAL_TIM_PWM_MspInit                    0x080019c2   Section        0  stm32f1xx_hal_tim.o(i.HAL_TIM_PWM_MspInit)
    i.HAL_TIM_PWM_Start                      0x080019c4   Section        0  stm32f1xx_hal_tim.o(i.HAL_TIM_PWM_Start)
    i.HAL_TIM_PWM_Stop                       0x08001a60   Section        0  stm32f1xx_hal_tim.o(i.HAL_TIM_PWM_Stop)
    i.HAL_UARTEx_RxEventCallback             0x08001ad0   Section        0  stm32f1xx_hal_uart.o(i.HAL_UARTEx_RxEventCallback)
    i.HAL_UART_ErrorCallback                 0x08001ad2   Section        0  stm32f1xx_hal_uart.o(i.HAL_UART_ErrorCallback)
    i.HAL_UART_IRQHandler                    0x08001ad4   Section        0  stm32f1xx_hal_uart.o(i.HAL_UART_IRQHandler)
    i.HAL_UART_Init                          0x08001d40   Section        0  stm32f1xx_hal_uart.o(i.HAL_UART_Init)
    i.HAL_UART_MspInit                       0x08001da4   Section        0  usart.o(i.HAL_UART_MspInit)
    i.HAL_UART_Receive_IT                    0x08001e24   Section        0  stm32f1xx_hal_uart.o(i.HAL_UART_Receive_IT)
    i.HAL_UART_RxCpltCallback                0x08001e40   Section        0  main.o(i.HAL_UART_RxCpltCallback)
    i.HAL_UART_Transmit_IT                   0x08001ed0   Section        0  stm32f1xx_hal_uart.o(i.HAL_UART_Transmit_IT)
    i.HAL_UART_TxCpltCallback                0x08001f02   Section        0  stm32f1xx_hal_uart.o(i.HAL_UART_TxCpltCallback)
    i.HardFault_Handler                      0x08001f04   Section        0  stm32f1xx_it.o(i.HardFault_Handler)
    i.I2C_IsAcknowledgeFailed                0x08001f06   Section        0  stm32f1xx_hal_i2c.o(i.I2C_IsAcknowledgeFailed)
    I2C_IsAcknowledgeFailed                  0x08001f07   Thumb Code    46  stm32f1xx_hal_i2c.o(i.I2C_IsAcknowledgeFailed)
    i.I2C_MasterRequestWrite                 0x08001f34   Section        0  stm32f1xx_hal_i2c.o(i.I2C_MasterRequestWrite)
    I2C_MasterRequestWrite                   0x08001f35   Thumb Code   150  stm32f1xx_hal_i2c.o(i.I2C_MasterRequestWrite)
    i.I2C_WaitOnBTFFlagUntilTimeout          0x08001fd0   Section        0  stm32f1xx_hal_i2c.o(i.I2C_WaitOnBTFFlagUntilTimeout)
    I2C_WaitOnBTFFlagUntilTimeout            0x08001fd1   Thumb Code    86  stm32f1xx_hal_i2c.o(i.I2C_WaitOnBTFFlagUntilTimeout)
    i.I2C_WaitOnFlagUntilTimeout             0x08002028   Section        0  stm32f1xx_hal_i2c.o(i.I2C_WaitOnFlagUntilTimeout)
    I2C_WaitOnFlagUntilTimeout               0x08002029   Thumb Code   144  stm32f1xx_hal_i2c.o(i.I2C_WaitOnFlagUntilTimeout)
    i.I2C_WaitOnMasterAddressFlagUntilTimeout 0x080020b8   Section        0  stm32f1xx_hal_i2c.o(i.I2C_WaitOnMasterAddressFlagUntilTimeout)
    I2C_WaitOnMasterAddressFlagUntilTimeout  0x080020b9   Thumb Code   188  stm32f1xx_hal_i2c.o(i.I2C_WaitOnMasterAddressFlagUntilTimeout)
    i.I2C_WaitOnTXEFlagUntilTimeout          0x08002174   Section        0  stm32f1xx_hal_i2c.o(i.I2C_WaitOnTXEFlagUntilTimeout)
    I2C_WaitOnTXEFlagUntilTimeout            0x08002175   Thumb Code    86  stm32f1xx_hal_i2c.o(i.I2C_WaitOnTXEFlagUntilTimeout)
    i.Left                                   0x080021cc   Section        0  main.o(i.Left)
    i.MX_GPIO_Init                           0x08002210   Section        0  gpio.o(i.MX_GPIO_Init)
    i.MX_I2C2_Init                           0x080022c4   Section        0  i2c.o(i.MX_I2C2_Init)
    i.MX_TIM1_Init                           0x08002304   Section        0  tim.o(i.MX_TIM1_Init)
    i.MX_TIM2_Init                           0x080023d4   Section        0  tim.o(i.MX_TIM2_Init)
    i.MX_TIM3_Init                           0x0800247c   Section        0  tim.o(i.MX_TIM3_Init)
    i.MX_USART1_UART_Init                    0x08002528   Section        0  usart.o(i.MX_USART1_UART_Init)
    i.MemManage_Handler                      0x08002560   Section        0  stm32f1xx_it.o(i.MemManage_Handler)
    i.NMI_Handler                            0x08002562   Section        0  stm32f1xx_it.o(i.NMI_Handler)
    i.OLED_Init                              0x08002564   Section        0  oled.o(i.OLED_Init)
    i.OLED_NewFrame                          0x0800261c   Section        0  oled.o(i.OLED_NewFrame)
    i.OLED_PrintASCIIChar                    0x0800262c   Section        0  oled.o(i.OLED_PrintASCIIChar)
    i.OLED_PrintString                       0x0800264c   Section        0  oled.o(i.OLED_PrintString)
    i.OLED_Send                              0x08002704   Section        0  oled.o(i.OLED_Send)
    i.OLED_SendCmd                           0x08002720   Section        0  oled.o(i.OLED_SendCmd)
    i.OLED_SetBits                           0x08002730   Section        0  oled.o(i.OLED_SetBits)
    i.OLED_SetBits_Fine                      0x08002778   Section        0  oled.o(i.OLED_SetBits_Fine)
    i.OLED_SetBlock                          0x080027e0   Section        0  oled.o(i.OLED_SetBlock)
    i.OLED_SetByte_Fine                      0x08002868   Section        0  oled.o(i.OLED_SetByte_Fine)
    i.OLED_ShowFrame                         0x080028b0   Section        0  oled.o(i.OLED_ShowFrame)
    i.OLED_display_update                    0x080028f8   Section        0  main.o(i.OLED_display_update)
    i.PendSV_Handler                         0x08002a04   Section        0  stm32f1xx_it.o(i.PendSV_Handler)
    i.Right                                  0x08002a08   Section        0  main.o(i.Right)
    i.SVC_Handler                            0x08002a4c   Section        0  stm32f1xx_it.o(i.SVC_Handler)
    i.Stop                                   0x08002a50   Section        0  main.o(i.Stop)
    i.SysTick_Handler                        0x08002a94   Section        0  stm32f1xx_it.o(i.SysTick_Handler)
    i.SystemClock_Config                     0x08002a98   Section        0  main.o(i.SystemClock_Config)
    i.SystemInit                             0x08002af6   Section        0  system_stm32f1xx_1.o(i.SystemInit)
    i.TIM_Base_SetConfig                     0x08002af8   Section        0  stm32f1xx_hal_tim.o(i.TIM_Base_SetConfig)
    i.TIM_CCxChannelCmd                      0x08002b70   Section        0  stm32f1xx_hal_tim.o(i.TIM_CCxChannelCmd)
    i.TIM_ETR_SetConfig                      0x08002b8a   Section        0  stm32f1xx_hal_tim.o(i.TIM_ETR_SetConfig)
    i.TIM_ITRx_SetConfig                     0x08002b9e   Section        0  stm32f1xx_hal_tim.o(i.TIM_ITRx_SetConfig)
    TIM_ITRx_SetConfig                       0x08002b9f   Thumb Code    16  stm32f1xx_hal_tim.o(i.TIM_ITRx_SetConfig)
    i.TIM_OC1_SetConfig                      0x08002bb0   Section        0  stm32f1xx_hal_tim.o(i.TIM_OC1_SetConfig)
    TIM_OC1_SetConfig                        0x08002bb1   Thumb Code    74  stm32f1xx_hal_tim.o(i.TIM_OC1_SetConfig)
    i.TIM_OC2_SetConfig                      0x08002c00   Section        0  stm32f1xx_hal_tim.o(i.TIM_OC2_SetConfig)
    i.TIM_OC3_SetConfig                      0x08002c58   Section        0  stm32f1xx_hal_tim.o(i.TIM_OC3_SetConfig)
    TIM_OC3_SetConfig                        0x08002c59   Thumb Code    82  stm32f1xx_hal_tim.o(i.TIM_OC3_SetConfig)
    i.TIM_OC4_SetConfig                      0x08002cb0   Section        0  stm32f1xx_hal_tim.o(i.TIM_OC4_SetConfig)
    TIM_OC4_SetConfig                        0x08002cb1   Thumb Code    64  stm32f1xx_hal_tim.o(i.TIM_OC4_SetConfig)
    i.TIM_TI1_ConfigInputStage               0x08002cf4   Section        0  stm32f1xx_hal_tim.o(i.TIM_TI1_ConfigInputStage)
    TIM_TI1_ConfigInputStage                 0x08002cf5   Thumb Code    34  stm32f1xx_hal_tim.o(i.TIM_TI1_ConfigInputStage)
    i.TIM_TI1_SetConfig                      0x08002d18   Section        0  stm32f1xx_hal_tim.o(i.TIM_TI1_SetConfig)
    i.TIM_TI2_ConfigInputStage               0x08002d70   Section        0  stm32f1xx_hal_tim.o(i.TIM_TI2_ConfigInputStage)
    TIM_TI2_ConfigInputStage                 0x08002d71   Thumb Code    36  stm32f1xx_hal_tim.o(i.TIM_TI2_ConfigInputStage)
    i.TIM_TI2_SetConfig                      0x08002d94   Section        0  stm32f1xx_hal_tim.o(i.TIM_TI2_SetConfig)
    TIM_TI2_SetConfig                        0x08002d95   Thumb Code    54  stm32f1xx_hal_tim.o(i.TIM_TI2_SetConfig)
    i.Turn_Off                               0x08002dcc   Section        0  main.o(i.Turn_Off)
    i.Turn_On                                0x08002df8   Section        0  main.o(i.Turn_On)
    i.UART_DMAAbortOnError                   0x08002e20   Section        0  stm32f1xx_hal_uart.o(i.UART_DMAAbortOnError)
    UART_DMAAbortOnError                     0x08002e21   Thumb Code    16  stm32f1xx_hal_uart.o(i.UART_DMAAbortOnError)
    i.UART_EndRxTransfer                     0x08002e30   Section        0  stm32f1xx_hal_uart.o(i.UART_EndRxTransfer)
    UART_EndRxTransfer                       0x08002e31   Thumb Code    78  stm32f1xx_hal_uart.o(i.UART_EndRxTransfer)
    i.UART_Receive_IT                        0x08002e7e   Section        0  stm32f1xx_hal_uart.o(i.UART_Receive_IT)
    UART_Receive_IT                          0x08002e7f   Thumb Code   194  stm32f1xx_hal_uart.o(i.UART_Receive_IT)
    i.UART_SetConfig                         0x08002f40   Section        0  stm32f1xx_hal_uart.o(i.UART_SetConfig)
    UART_SetConfig                           0x08002f41   Thumb Code   178  stm32f1xx_hal_uart.o(i.UART_SetConfig)
    i.UART_Start_Receive_IT                  0x08002ff8   Section        0  stm32f1xx_hal_uart.o(i.UART_Start_Receive_IT)
    i.USART1_IRQHandler                      0x08003030   Section        0  stm32f1xx_it.o(i.USART1_IRQHandler)
    i.UsageFault_Handler                     0x0800303c   Section        0  stm32f1xx_it.o(i.UsageFault_Handler)
    i._OLED_GetUTF8Len                       0x0800303e   Section        0  oled.o(i._OLED_GetUTF8Len)
    i.__NVIC_SetPriority                     0x08003070   Section        0  stm32f1xx_hal_cortex.o(i.__NVIC_SetPriority)
    __NVIC_SetPriority                       0x08003071   Thumb Code    32  stm32f1xx_hal_cortex.o(i.__NVIC_SetPriority)
    i.barrier_state                          0x08003090   Section        0  main.o(i.barrier_state)
    i.car_visual                             0x0800315c   Section        0  main.o(i.car_visual)
    i.check_state                            0x080031a8   Section        0  main.o(i.check_state)
    i.hcsr04_measure                         0x080032b4   Section        0  hcsr04.o(i.hcsr04_measure)
    i.hcsr04_start                           0x0800334c   Section        0  hcsr04.o(i.hcsr04_start)
    i.hcsr04_stop                            0x0800337c   Section        0  hcsr04.o(i.hcsr04_stop)
    i.main                                   0x08003398   Section        0  main.o(i.main)
    x$fpl$d2f                                0x0800341c   Section       98  d2f.o(x$fpl$d2f)
    x$fpl$dcmpinf                            0x0800347e   Section       24  dcmpi.o(x$fpl$dcmpinf)
    x$fpl$deqf                               0x08003498   Section      120  deqf.o(x$fpl$deqf)
    x$fpl$dfix                               0x08003510   Section       94  dfix.o(x$fpl$dfix)
    x$fpl$dfltu                              0x0800356e   Section       38  dflt_clz.o(x$fpl$dfltu)
    x$fpl$dleqf                              0x08003594   Section      120  dleqf.o(x$fpl$dleqf)
    x$fpl$dmul                               0x0800360c   Section      340  dmul.o(x$fpl$dmul)
    x$fpl$dnaninf                            0x08003760   Section      156  dnaninf.o(x$fpl$dnaninf)
    x$fpl$dretinf                            0x080037fc   Section       12  dretinf.o(x$fpl$dretinf)
    x$fpl$drleqf                             0x08003808   Section      108  drleqf.o(x$fpl$drleqf)
    x$fpl$f2d                                0x08003874   Section       86  f2d.o(x$fpl$f2d)
    x$fpl$fcheck1                            0x080038cc   Section       12  fcheck1.o(x$fpl$fcheck1)
    x$fpl$fdiv                               0x080038d8   Section      388  fdiv.o(x$fpl$fdiv)
    _fdiv1                                   0x080038d9   Thumb Code     0  fdiv.o(x$fpl$fdiv)
    x$fpl$ffix                               0x08003a5c   Section       54  ffix.o(x$fpl$ffix)
    x$fpl$ffixu                              0x08003a94   Section       62  ffixu.o(x$fpl$ffixu)
    x$fpl$ffltu                              0x08003ad4   Section       38  fflt_clz.o(x$fpl$ffltu)
    x$fpl$fmul                               0x08003afc   Section      258  fmul.o(x$fpl$fmul)
    x$fpl$fnaninf                            0x08003bfe   Section      140  fnaninf.o(x$fpl$fnaninf)
    x$fpl$fretinf                            0x08003c8a   Section       10  fretinf.o(x$fpl$fretinf)
    x$fpl$retnan                             0x08003c94   Section      100  retnan.o(x$fpl$retnan)
    x$fpl$scalbnf                            0x08003cf8   Section       76  scalbnf.o(x$fpl$scalbnf)
    x$fpl$trapveneer                         0x08003d44   Section       48  trapv.o(x$fpl$trapveneer)
    .constdata                               0x08003d74   Section     1520  font.o(.constdata)
    x$fpl$usenofp                            0x08003d74   Section        0  usenofp.o(x$fpl$usenofp)
    .constdata                               0x08004364   Section        8  font.o(.constdata)
    .constdata                               0x0800436c   Section      144  font.o(.constdata)
    .constdata                               0x080043fc   Section       16  font.o(.constdata)
    .constdata                               0x0800440c   Section       18  stm32f1xx_hal_rcc.o(.constdata)
    aPredivFactorTable                       0x0800440c   Data           2  stm32f1xx_hal_rcc.o(.constdata)
    aPLLMULFactorTable                       0x0800440e   Data          16  stm32f1xx_hal_rcc.o(.constdata)
    .constdata                               0x0800441e   Section       16  system_stm32f1xx_1.o(.constdata)
    .constdata                               0x0800442e   Section        8  system_stm32f1xx_1.o(.constdata)
    .data                                    0x20000000   Section        4  hcsr04.o(.data)
    .data                                    0x20000004   Section        4  oled.o(.data)
    temp                                     0x20000004   Data           1  oled.o(.data)
    temp                                     0x20000005   Data           1  oled.o(.data)
    sendBuffer                               0x20000006   Data           2  oled.o(.data)
    .data                                    0x20000008   Section       40  main.o(.data)
    index                                    0x2000000e   Data           1  main.o(.data)
    buffer                                   0x20000020   Data           8  main.o(.data)
    .data                                    0x20000030   Section       12  stm32f1xx_hal.o(.data)
    .data                                    0x2000003c   Section        4  system_stm32f1xx_1.o(.data)
    .bss                                     0x20000040   Section     1153  oled.o(.bss)
    sendBuffer                               0x20000040   Data         129  oled.o(.bss)
    .bss                                     0x200004c4   Section       84  i2c.o(.bss)
    .bss                                     0x20000518   Section      216  tim.o(.bss)
    .bss                                     0x200005f0   Section       72  usart.o(.bss)
    .bss                                     0x20000638   Section       96  libspace.o(.bss)
    HEAP                                     0x20000698   Section      512  startup_stm32f103xb.o(HEAP)
    Heap_Mem                                 0x20000698   Data         512  startup_stm32f103xb.o(HEAP)
    STACK                                    0x20000898   Section     1024  startup_stm32f103xb.o(STACK)
    Stack_Mem                                0x20000898   Data        1024  startup_stm32f103xb.o(STACK)
    __initial_sp                             0x20000c98   Data           0  startup_stm32f103xb.o(STACK)

    Global Symbols

    Symbol Name                              Value     Ov Type        Size  Object(Section)

    BuildAttributes$$THM_ISAv4$P$D$K$B$S$PE$A:L22UL41UL21$X:L11$S22US41US21$IEEE1$IW$USESV6$~STKCKD$USESV7$~SHL$OSPACE$ROPI$EBA8$UX$STANDARDLIB$REQ8$PRES8$EABIv2 0x00000000   Number         0  anon$$obj.o ABSOLUTE
    __ARM_use_no_argv                        0x00000000   Number         0  main.o ABSOLUTE
    __ARM_exceptions_init                     - Undefined Weak Reference
    __alloca_initialize                       - Undefined Weak Reference
    __arm_preinit_                            - Undefined Weak Reference
    __cpp_initialize__aeabi_                  - Undefined Weak Reference
    __cxa_finalize                            - Undefined Weak Reference
    __rt_locale                               - Undefined Weak Reference
    __sigvec_lookup                           - Undefined Weak Reference
    _atexit_init                              - Undefined Weak Reference
    _call_atexit_fns                          - Undefined Weak Reference
    _clock_init                               - Undefined Weak Reference
    _fp_trap_init                             - Undefined Weak Reference
    _fp_trap_shutdown                         - Undefined Weak Reference
    _get_lc_collate                           - Undefined Weak Reference
    _get_lc_ctype                             - Undefined Weak Reference
    _get_lc_monetary                          - Undefined Weak Reference
    _get_lc_numeric                           - Undefined Weak Reference
    _get_lc_time                              - Undefined Weak Reference
    _getenv_init                              - Undefined Weak Reference
    _handle_redirection                       - Undefined Weak Reference
    _init_alloc                               - Undefined Weak Reference
    _init_user_alloc                          - Undefined Weak Reference
    _initio                                   - Undefined Weak Reference
    _printf_post_padding                      - Undefined Weak Reference
    _printf_pre_padding                       - Undefined Weak Reference
    _printf_truncate_signed                   - Undefined Weak Reference
    _printf_truncate_unsigned                 - Undefined Weak Reference
    _rand_init                                - Undefined Weak Reference
    _signal_finish                            - Undefined Weak Reference
    _signal_init                              - Undefined Weak Reference
    _terminate_alloc                          - Undefined Weak Reference
    _terminate_user_alloc                     - Undefined Weak Reference
    _terminateio                              - Undefined Weak Reference
    __Vectors_Size                           0x000000ec   Number         0  startup_stm32f103xb.o ABSOLUTE
    __Vectors                                0x08000000   Data           4  startup_stm32f103xb.o(RESET)
    __Vectors_End                            0x080000ec   Data           0  startup_stm32f103xb.o(RESET)
    __main                                   0x080000ed   Thumb Code     8  __main.o(!!!main)
    __scatterload                            0x080000f5   Thumb Code     0  __scatter.o(!!!scatter)
    __scatterload_rt2                        0x080000f5   Thumb Code    44  __scatter.o(!!!scatter)
    __scatterload_rt2_thumb_only             0x080000f5   Thumb Code     0  __scatter.o(!!!scatter)
    __scatterload_null                       0x08000103   Thumb Code     0  __scatter.o(!!!scatter)
    __scatterload_copy                       0x08000129   Thumb Code    26  __scatter_copy.o(!!handler_copy)
    __scatterload_zeroinit                   0x08000145   Thumb Code    28  __scatter_zi.o(!!handler_zi)
    _printf_d                                0x08000161   Thumb Code     0  _printf_d.o(.ARM.Collect$$_printf_percent$$00000009)
    _printf_percent                          0x08000161   Thumb Code     0  _printf_percent.o(.ARM.Collect$$_printf_percent$$00000000)
    _printf_percent_end                      0x08000167   Thumb Code     0  _printf_percent_end.o(.ARM.Collect$$_printf_percent$$00000017)
    __rt_lib_init                            0x0800016b   Thumb Code     0  libinit.o(.ARM.Collect$$libinit$$00000000)
    __rt_lib_init_alloca_1                   0x0800016d   Thumb Code     0  libinit2.o(.ARM.Collect$$libinit$$0000002E)
    __rt_lib_init_argv_1                     0x0800016d   Thumb Code     0  libinit2.o(.ARM.Collect$$libinit$$0000002C)
    __rt_lib_init_atexit_1                   0x0800016d   Thumb Code     0  libinit2.o(.ARM.Collect$$libinit$$0000001B)
    __rt_lib_init_clock_1                    0x0800016d   Thumb Code     0  libinit2.o(.ARM.Collect$$libinit$$00000021)
    __rt_lib_init_cpp_1                      0x0800016d   Thumb Code     0  libinit2.o(.ARM.Collect$$libinit$$00000032)
    __rt_lib_init_exceptions_1               0x0800016d   Thumb Code     0  libinit2.o(.ARM.Collect$$libinit$$00000030)
    __rt_lib_init_fp_1                       0x0800016d   Thumb Code     0  libinit2.o(.ARM.Collect$$libinit$$00000002)
    __rt_lib_init_fp_trap_1                  0x0800016d   Thumb Code     0  libinit2.o(.ARM.Collect$$libinit$$0000001F)
    __rt_lib_init_getenv_1                   0x0800016d   Thumb Code     0  libinit2.o(.ARM.Collect$$libinit$$00000023)
    __rt_lib_init_heap_1                     0x0800016d   Thumb Code     0  libinit2.o(.ARM.Collect$$libinit$$0000000A)
    __rt_lib_init_lc_collate_1               0x0800016d   Thumb Code     0  libinit2.o(.ARM.Collect$$libinit$$00000011)
    __rt_lib_init_lc_ctype_1                 0x0800016d   Thumb Code     0  libinit2.o(.ARM.Collect$$libinit$$00000013)
    __rt_lib_init_lc_monetary_1              0x0800016d   Thumb Code     0  libinit2.o(.ARM.Collect$$libinit$$00000015)
    __rt_lib_init_lc_numeric_1               0x0800016d   Thumb Code     0  libinit2.o(.ARM.Collect$$libinit$$00000017)
    __rt_lib_init_lc_time_1                  0x0800016d   Thumb Code     0  libinit2.o(.ARM.Collect$$libinit$$00000019)
    __rt_lib_init_preinit_1                  0x0800016d   Thumb Code     0  libinit2.o(.ARM.Collect$$libinit$$00000004)
    __rt_lib_init_rand_1                     0x0800016d   Thumb Code     0  libinit2.o(.ARM.Collect$$libinit$$0000000E)
    __rt_lib_init_return                     0x0800016d   Thumb Code     0  libinit2.o(.ARM.Collect$$libinit$$00000033)
    __rt_lib_init_signal_1                   0x0800016d   Thumb Code     0  libinit2.o(.ARM.Collect$$libinit$$0000001D)
    __rt_lib_init_stdio_1                    0x0800016d   Thumb Code     0  libinit2.o(.ARM.Collect$$libinit$$00000025)
    __rt_lib_init_user_alloc_1               0x0800016d   Thumb Code     0  libinit2.o(.ARM.Collect$$libinit$$0000000C)
    __rt_lib_shutdown                        0x0800016f   Thumb Code     0  libshutdown.o(.ARM.Collect$$libshutdown$$00000000)
    __rt_lib_shutdown_fp_trap_1              0x08000171   Thumb Code     0  libshutdown2.o(.ARM.Collect$$libshutdown$$00000006)
    __rt_lib_shutdown_heap_1                 0x08000171   Thumb Code     0  libshutdown2.o(.ARM.Collect$$libshutdown$$0000000E)
    __rt_lib_shutdown_return                 0x08000171   Thumb Code     0  libshutdown2.o(.ARM.Collect$$libshutdown$$0000000F)
    __rt_lib_shutdown_signal_1               0x08000171   Thumb Code     0  libshutdown2.o(.ARM.Collect$$libshutdown$$00000009)
    __rt_lib_shutdown_stdio_1                0x08000171   Thumb Code     0  libshutdown2.o(.ARM.Collect$$libshutdown$$00000003)
    __rt_lib_shutdown_user_alloc_1           0x08000171   Thumb Code     0  libshutdown2.o(.ARM.Collect$$libshutdown$$0000000B)
    __rt_entry                               0x08000173   Thumb Code     0  __rtentry.o(.ARM.Collect$$rtentry$$00000000)
    __rt_entry_presh_1                       0x08000173   Thumb Code     0  __rtentry2.o(.ARM.Collect$$rtentry$$00000002)
    __rt_entry_sh                            0x08000173   Thumb Code     0  __rtentry4.o(.ARM.Collect$$rtentry$$00000004)
    __rt_entry_li                            0x08000179   Thumb Code     0  __rtentry2.o(.ARM.Collect$$rtentry$$0000000A)
    __rt_entry_postsh_1                      0x08000179   Thumb Code     0  __rtentry2.o(.ARM.Collect$$rtentry$$00000009)
    __rt_entry_main                          0x0800017d   Thumb Code     0  __rtentry2.o(.ARM.Collect$$rtentry$$0000000D)
    __rt_entry_postli_1                      0x0800017d   Thumb Code     0  __rtentry2.o(.ARM.Collect$$rtentry$$0000000C)
    __rt_exit                                0x08000185   Thumb Code     0  rtexit.o(.ARM.Collect$$rtexit$$00000000)
    __rt_exit_ls                             0x08000187   Thumb Code     0  rtexit2.o(.ARM.Collect$$rtexit$$00000003)
    __rt_exit_prels_1                        0x08000187   Thumb Code     0  rtexit2.o(.ARM.Collect$$rtexit$$00000002)
    __rt_exit_exit                           0x0800018b   Thumb Code     0  rtexit2.o(.ARM.Collect$$rtexit$$00000004)
    Reset_Handler                            0x08000191   Thumb Code     8  startup_stm32f103xb.o(.text)
    ADC1_2_IRQHandler                        0x080001ab   Thumb Code     0  startup_stm32f103xb.o(.text)
    CAN1_RX1_IRQHandler                      0x080001ab   Thumb Code     0  startup_stm32f103xb.o(.text)
    CAN1_SCE_IRQHandler                      0x080001ab   Thumb Code     0  startup_stm32f103xb.o(.text)
    DMA1_Channel1_IRQHandler                 0x080001ab   Thumb Code     0  startup_stm32f103xb.o(.text)
    DMA1_Channel2_IRQHandler                 0x080001ab   Thumb Code     0  startup_stm32f103xb.o(.text)
    DMA1_Channel3_IRQHandler                 0x080001ab   Thumb Code     0  startup_stm32f103xb.o(.text)
    DMA1_Channel4_IRQHandler                 0x080001ab   Thumb Code     0  startup_stm32f103xb.o(.text)
    DMA1_Channel5_IRQHandler                 0x080001ab   Thumb Code     0  startup_stm32f103xb.o(.text)
    DMA1_Channel6_IRQHandler                 0x080001ab   Thumb Code     0  startup_stm32f103xb.o(.text)
    DMA1_Channel7_IRQHandler                 0x080001ab   Thumb Code     0  startup_stm32f103xb.o(.text)
    EXTI0_IRQHandler                         0x080001ab   Thumb Code     0  startup_stm32f103xb.o(.text)
    EXTI15_10_IRQHandler                     0x080001ab   Thumb Code     0  startup_stm32f103xb.o(.text)
    EXTI1_IRQHandler                         0x080001ab   Thumb Code     0  startup_stm32f103xb.o(.text)
    EXTI2_IRQHandler                         0x080001ab   Thumb Code     0  startup_stm32f103xb.o(.text)
    EXTI3_IRQHandler                         0x080001ab   Thumb Code     0  startup_stm32f103xb.o(.text)
    EXTI4_IRQHandler                         0x080001ab   Thumb Code     0  startup_stm32f103xb.o(.text)
    EXTI9_5_IRQHandler                       0x080001ab   Thumb Code     0  startup_stm32f103xb.o(.text)
    FLASH_IRQHandler                         0x080001ab   Thumb Code     0  startup_stm32f103xb.o(.text)
    I2C1_ER_IRQHandler                       0x080001ab   Thumb Code     0  startup_stm32f103xb.o(.text)
    I2C1_EV_IRQHandler                       0x080001ab   Thumb Code     0  startup_stm32f103xb.o(.text)
    I2C2_ER_IRQHandler                       0x080001ab   Thumb Code     0  startup_stm32f103xb.o(.text)
    I2C2_EV_IRQHandler                       0x080001ab   Thumb Code     0  startup_stm32f103xb.o(.text)
    PVD_IRQHandler                           0x080001ab   Thumb Code     0  startup_stm32f103xb.o(.text)
    RCC_IRQHandler                           0x080001ab   Thumb Code     0  startup_stm32f103xb.o(.text)
    RTC_Alarm_IRQHandler                     0x080001ab   Thumb Code     0  startup_stm32f103xb.o(.text)
    RTC_IRQHandler                           0x080001ab   Thumb Code     0  startup_stm32f103xb.o(.text)
    SPI1_IRQHandler                          0x080001ab   Thumb Code     0  startup_stm32f103xb.o(.text)
    SPI2_IRQHandler                          0x080001ab   Thumb Code     0  startup_stm32f103xb.o(.text)
    TAMPER_IRQHandler                        0x080001ab   Thumb Code     0  startup_stm32f103xb.o(.text)
    TIM1_BRK_IRQHandler                      0x080001ab   Thumb Code     0  startup_stm32f103xb.o(.text)
    TIM1_CC_IRQHandler                       0x080001ab   Thumb Code     0  startup_stm32f103xb.o(.text)
    TIM1_TRG_COM_IRQHandler                  0x080001ab   Thumb Code     0  startup_stm32f103xb.o(.text)
    TIM1_UP_IRQHandler                       0x080001ab   Thumb Code     0  startup_stm32f103xb.o(.text)
    TIM2_IRQHandler                          0x080001ab   Thumb Code     0  startup_stm32f103xb.o(.text)
    TIM3_IRQHandler                          0x080001ab   Thumb Code     0  startup_stm32f103xb.o(.text)
    TIM4_IRQHandler                          0x080001ab   Thumb Code     0  startup_stm32f103xb.o(.text)
    USART2_IRQHandler                        0x080001ab   Thumb Code     0  startup_stm32f103xb.o(.text)
    USART3_IRQHandler                        0x080001ab   Thumb Code     0  startup_stm32f103xb.o(.text)
    USBWakeUp_IRQHandler                     0x080001ab   Thumb Code     0  startup_stm32f103xb.o(.text)
    USB_HP_CAN1_TX_IRQHandler                0x080001ab   Thumb Code     0  startup_stm32f103xb.o(.text)
    USB_LP_CAN1_RX0_IRQHandler               0x080001ab   Thumb Code     0  startup_stm32f103xb.o(.text)
    WWDG_IRQHandler                          0x080001ab   Thumb Code     0  startup_stm32f103xb.o(.text)
    __user_initial_stackheap                 0x080001ad   Thumb Code     0  startup_stm32f103xb.o(.text)
    __2sprintf                               0x080001d1   Thumb Code    34  noretval__2sprintf.o(.text)
    __printf                                 0x080001f9   Thumb Code   104  __printf.o(.text)
    _printf_int_dec                          0x08000261   Thumb Code   104  _printf_dec.o(.text)
    memcmp                                   0x080002d9   Thumb Code    88  memcmp.o(.text)
    __aeabi_memcpy                           0x08000331   Thumb Code     0  rt_memcpy_v6.o(.text)
    __rt_memcpy                              0x08000331   Thumb Code   138  rt_memcpy_v6.o(.text)
    _memcpy_lastbytes                        0x08000397   Thumb Code     0  rt_memcpy_v6.o(.text)
    __aeabi_memclr                           0x080003bb   Thumb Code     0  rt_memclr.o(.text)
    __rt_memclr                              0x080003bb   Thumb Code    68  rt_memclr.o(.text)
    _memset                                  0x080003bf   Thumb Code     0  rt_memclr.o(.text)
    __aeabi_memclr4                          0x080003ff   Thumb Code     0  rt_memclr_w.o(.text)
    __aeabi_memclr8                          0x080003ff   Thumb Code     0  rt_memclr_w.o(.text)
    __rt_memclr_w                            0x080003ff   Thumb Code    78  rt_memclr_w.o(.text)
    _memset_w                                0x08000403   Thumb Code     0  rt_memclr_w.o(.text)
    __use_two_region_memory                  0x0800044d   Thumb Code     2  heapauxi.o(.text)
    __rt_heap_escrow$2region                 0x0800044f   Thumb Code     2  heapauxi.o(.text)
    __rt_heap_expand$2region                 0x08000451   Thumb Code     2  heapauxi.o(.text)
    _printf_int_common                       0x08000453   Thumb Code   178  _printf_intcommon.o(.text)
    _printf_char_common                      0x0800050f   Thumb Code    32  _printf_char_common.o(.text)
    _sputc                                   0x08000535   Thumb Code    10  _sputc.o(.text)
    __aeabi_memcpy4                          0x0800053f   Thumb Code     0  rt_memcpy_w.o(.text)
    __aeabi_memcpy8                          0x0800053f   Thumb Code     0  rt_memcpy_w.o(.text)
    __rt_memcpy_w                            0x0800053f   Thumb Code   100  rt_memcpy_w.o(.text)
    _memcpy_lastbytes_aligned                0x08000587   Thumb Code     0  rt_memcpy_w.o(.text)
    __user_setup_stackheap                   0x080005a3   Thumb Code    74  sys_stackheap_outer.o(.text)
    exit                                     0x080005ed   Thumb Code    12  exit.o(.text)
    __user_libspace                          0x080005f9   Thumb Code     8  libspace.o(.text)
    __user_perproc_libspace                  0x080005f9   Thumb Code     0  libspace.o(.text)
    __user_perthread_libspace                0x080005f9   Thumb Code     0  libspace.o(.text)
    _sys_exit                                0x08000601   Thumb Code     8  sys_exit.o(.text)
    __I$use$semihosting                      0x0800060d   Thumb Code     0  use_no_semi.o(.text)
    __use_no_semihosting_swi                 0x0800060d   Thumb Code     2  use_no_semi.o(.text)
    __semihosting_library_function           0x0800060f   Thumb Code     0  indicate_semi.o(.text)
    Back                                     0x08000611   Thumb Code    58  main.o(i.Back)
    BusFault_Handler                         0x08000655   Thumb Code     2  stm32f1xx_it.o(i.BusFault_Handler)
    DebugMon_Handler                         0x08000657   Thumb Code     2  stm32f1xx_it.o(i.DebugMon_Handler)
    Error_Handler                            0x08000659   Thumb Code     4  main.o(i.Error_Handler)
    Front                                    0x0800065d   Thumb Code    58  main.o(i.Front)
    HAL_DMA_Abort                            0x080006a1   Thumb Code    70  stm32f1xx_hal_dma.o(i.HAL_DMA_Abort)
    HAL_DMA_Abort_IT                         0x080006e9   Thumb Code   148  stm32f1xx_hal_dma.o(i.HAL_DMA_Abort_IT)
    HAL_Delay                                0x08000781   Thumb Code    32  stm32f1xx_hal.o(i.HAL_Delay)
    HAL_GPIO_Init                            0x080007a5   Thumb Code   446  stm32f1xx_hal_gpio.o(i.HAL_GPIO_Init)
    HAL_GPIO_ReadPin                         0x08000985   Thumb Code    10  stm32f1xx_hal_gpio.o(i.HAL_GPIO_ReadPin)
    HAL_GPIO_WritePin                        0x0800098f   Thumb Code    10  stm32f1xx_hal_gpio.o(i.HAL_GPIO_WritePin)
    HAL_GetTick                              0x08000999   Thumb Code     6  stm32f1xx_hal.o(i.HAL_GetTick)
    HAL_I2C_Init                             0x080009a5   Thumb Code   376  stm32f1xx_hal_i2c.o(i.HAL_I2C_Init)
    HAL_I2C_Master_Transmit                  0x08000b2d   Thumb Code   290  stm32f1xx_hal_i2c.o(i.HAL_I2C_Master_Transmit)
    HAL_I2C_MspInit                          0x08000c59   Thumb Code    82  i2c.o(i.HAL_I2C_MspInit)
    HAL_IncTick                              0x08000cb9   Thumb Code    12  stm32f1xx_hal.o(i.HAL_IncTick)
    HAL_Init                                 0x08000cc9   Thumb Code    32  stm32f1xx_hal.o(i.HAL_Init)
    HAL_InitTick                             0x08000ced   Thumb Code    54  stm32f1xx_hal.o(i.HAL_InitTick)
    HAL_MspInit                              0x08000d2d   Thumb Code    52  stm32f1xx_hal_msp.o(i.HAL_MspInit)
    HAL_NVIC_EnableIRQ                       0x08000d69   Thumb Code    26  stm32f1xx_hal_cortex.o(i.HAL_NVIC_EnableIRQ)
    HAL_NVIC_SetPriority                     0x08000d85   Thumb Code    60  stm32f1xx_hal_cortex.o(i.HAL_NVIC_SetPriority)
    HAL_NVIC_SetPriorityGrouping             0x08000dc5   Thumb Code    26  stm32f1xx_hal_cortex.o(i.HAL_NVIC_SetPriorityGrouping)
    HAL_RCC_ClockConfig                      0x08000de9   Thumb Code   280  stm32f1xx_hal_rcc.o(i.HAL_RCC_ClockConfig)
    HAL_RCC_GetPCLK1Freq                     0x08000f15   Thumb Code    20  stm32f1xx_hal_rcc.o(i.HAL_RCC_GetPCLK1Freq)
    HAL_RCC_GetPCLK2Freq                     0x08000f35   Thumb Code    20  stm32f1xx_hal_rcc.o(i.HAL_RCC_GetPCLK2Freq)
    HAL_RCC_GetSysClockFreq                  0x08000f55   Thumb Code    58  stm32f1xx_hal_rcc.o(i.HAL_RCC_GetSysClockFreq)
    HAL_RCC_OscConfig                        0x08000fa1   Thumb Code   778  stm32f1xx_hal_rcc.o(i.HAL_RCC_OscConfig)
    HAL_SYSTICK_Config                       0x080012c1   Thumb Code    40  stm32f1xx_hal_cortex.o(i.HAL_SYSTICK_Config)
    HAL_TIMEx_ConfigBreakDeadTime            0x080012e9   Thumb Code    84  stm32f1xx_hal_tim_ex.o(i.HAL_TIMEx_ConfigBreakDeadTime)
    HAL_TIMEx_MasterConfigSynchronization    0x0800133d   Thumb Code    92  stm32f1xx_hal_tim_ex.o(i.HAL_TIMEx_MasterConfigSynchronization)
    HAL_TIM_Base_Init                        0x080013a5   Thumb Code    90  stm32f1xx_hal_tim.o(i.HAL_TIM_Base_Init)
    HAL_TIM_Base_MspInit                     0x08001401   Thumb Code   118  tim.o(i.HAL_TIM_Base_MspInit)
    HAL_TIM_ConfigClockSource                0x08001489   Thumb Code   220  stm32f1xx_hal_tim.o(i.HAL_TIM_ConfigClockSource)
    HAL_TIM_IC_ConfigChannel                 0x08001565   Thumb Code   292  stm32f1xx_hal_tim.o(i.HAL_TIM_IC_ConfigChannel)
    HAL_TIM_IC_Init                          0x08001689   Thumb Code    90  stm32f1xx_hal_tim.o(i.HAL_TIM_IC_Init)
    HAL_TIM_IC_MspInit                       0x080016e3   Thumb Code     2  stm32f1xx_hal_tim.o(i.HAL_TIM_IC_MspInit)
    HAL_TIM_IC_Start                         0x080016e5   Thumb Code   172  stm32f1xx_hal_tim.o(i.HAL_TIM_IC_Start)
    HAL_TIM_IC_Stop                          0x0800179d   Thumb Code    82  stm32f1xx_hal_tim.o(i.HAL_TIM_IC_Stop)
    HAL_TIM_MspPostInit                      0x080017f1   Thumb Code   152  tim.o(i.HAL_TIM_MspPostInit)
    HAL_TIM_PWM_ConfigChannel                0x0800189d   Thumb Code   204  stm32f1xx_hal_tim.o(i.HAL_TIM_PWM_ConfigChannel)
    HAL_TIM_PWM_Init                         0x08001969   Thumb Code    90  stm32f1xx_hal_tim.o(i.HAL_TIM_PWM_Init)
    HAL_TIM_PWM_MspInit                      0x080019c3   Thumb Code     2  stm32f1xx_hal_tim.o(i.HAL_TIM_PWM_MspInit)
    HAL_TIM_PWM_Start                        0x080019c5   Thumb Code   144  stm32f1xx_hal_tim.o(i.HAL_TIM_PWM_Start)
    HAL_TIM_PWM_Stop                         0x08001a61   Thumb Code   108  stm32f1xx_hal_tim.o(i.HAL_TIM_PWM_Stop)
    HAL_UARTEx_RxEventCallback               0x08001ad1   Thumb Code     2  stm32f1xx_hal_uart.o(i.HAL_UARTEx_RxEventCallback)
    HAL_UART_ErrorCallback                   0x08001ad3   Thumb Code     2  stm32f1xx_hal_uart.o(i.HAL_UART_ErrorCallback)
    HAL_UART_IRQHandler                      0x08001ad5   Thumb Code   616  stm32f1xx_hal_uart.o(i.HAL_UART_IRQHandler)
    HAL_UART_Init                            0x08001d41   Thumb Code   100  stm32f1xx_hal_uart.o(i.HAL_UART_Init)
    HAL_UART_MspInit                         0x08001da5   Thumb Code   116  usart.o(i.HAL_UART_MspInit)
    HAL_UART_Receive_IT                      0x08001e25   Thumb Code    28  stm32f1xx_hal_uart.o(i.HAL_UART_Receive_IT)
    HAL_UART_RxCpltCallback                  0x08001e41   Thumb Code   136  main.o(i.HAL_UART_RxCpltCallback)
    HAL_UART_Transmit_IT                     0x08001ed1   Thumb Code    50  stm32f1xx_hal_uart.o(i.HAL_UART_Transmit_IT)
    HAL_UART_TxCpltCallback                  0x08001f03   Thumb Code     2  stm32f1xx_hal_uart.o(i.HAL_UART_TxCpltCallback)
    HardFault_Handler                        0x08001f05   Thumb Code     2  stm32f1xx_it.o(i.HardFault_Handler)
    Left                                     0x080021cd   Thumb Code    58  main.o(i.Left)
    MX_GPIO_Init                             0x08002211   Thumb Code   166  gpio.o(i.MX_GPIO_Init)
    MX_I2C2_Init                             0x080022c5   Thumb Code    50  i2c.o(i.MX_I2C2_Init)
    MX_TIM1_Init                             0x08002305   Thumb Code   198  tim.o(i.MX_TIM1_Init)
    MX_TIM2_Init                             0x080023d5   Thumb Code   162  tim.o(i.MX_TIM2_Init)
    MX_TIM3_Init                             0x0800247d   Thumb Code   164  tim.o(i.MX_TIM3_Init)
    MX_USART1_UART_Init                      0x08002529   Thumb Code    48  usart.o(i.MX_USART1_UART_Init)
    MemManage_Handler                        0x08002561   Thumb Code     2  stm32f1xx_it.o(i.MemManage_Handler)
    NMI_Handler                              0x08002563   Thumb Code     2  stm32f1xx_it.o(i.NMI_Handler)
    OLED_Init                                0x08002565   Thumb Code   182  oled.o(i.OLED_Init)
    OLED_NewFrame                            0x0800261d   Thumb Code    10  oled.o(i.OLED_NewFrame)
    OLED_PrintASCIIChar                      0x0800262d   Thumb Code    32  oled.o(i.OLED_PrintASCIIChar)
    OLED_PrintString                         0x0800264d   Thumb Code   182  oled.o(i.OLED_PrintString)
    OLED_Send                                0x08002705   Thumb Code    22  oled.o(i.OLED_Send)
    OLED_SendCmd                             0x08002721   Thumb Code    12  oled.o(i.OLED_SendCmd)
    OLED_SetBits                             0x08002731   Thumb Code    72  oled.o(i.OLED_SetBits)
    OLED_SetBits_Fine                        0x08002779   Thumb Code   104  oled.o(i.OLED_SetBits_Fine)
    OLED_SetBlock                            0x080027e1   Thumb Code   136  oled.o(i.OLED_SetBlock)
    OLED_SetByte_Fine                        0x08002869   Thumb Code    64  oled.o(i.OLED_SetByte_Fine)
    OLED_ShowFrame                           0x080028b1   Thumb Code    68  oled.o(i.OLED_ShowFrame)
    OLED_display_update                      0x080028f9   Thumb Code   180  main.o(i.OLED_display_update)
    PendSV_Handler                           0x08002a05   Thumb Code     2  stm32f1xx_it.o(i.PendSV_Handler)
    Right                                    0x08002a09   Thumb Code    58  main.o(i.Right)
    SVC_Handler                              0x08002a4d   Thumb Code     2  stm32f1xx_it.o(i.SVC_Handler)
    Stop                                     0x08002a51   Thumb Code    58  main.o(i.Stop)
    SysTick_Handler                          0x08002a95   Thumb Code     4  stm32f1xx_it.o(i.SysTick_Handler)
    SystemClock_Config                       0x08002a99   Thumb Code    94  main.o(i.SystemClock_Config)
    SystemInit                               0x08002af7   Thumb Code     2  system_stm32f1xx_1.o(i.SystemInit)
    TIM_Base_SetConfig                       0x08002af9   Thumb Code   108  stm32f1xx_hal_tim.o(i.TIM_Base_SetConfig)
    TIM_CCxChannelCmd                        0x08002b71   Thumb Code    26  stm32f1xx_hal_tim.o(i.TIM_CCxChannelCmd)
    TIM_ETR_SetConfig                        0x08002b8b   Thumb Code    20  stm32f1xx_hal_tim.o(i.TIM_ETR_SetConfig)
    TIM_OC2_SetConfig                        0x08002c01   Thumb Code    84  stm32f1xx_hal_tim.o(i.TIM_OC2_SetConfig)
    TIM_TI1_SetConfig                        0x08002d19   Thumb Code    76  stm32f1xx_hal_tim.o(i.TIM_TI1_SetConfig)
    Turn_Off                                 0x08002dcd   Thumb Code    34  main.o(i.Turn_Off)
    Turn_On                                  0x08002df9   Thumb Code    32  main.o(i.Turn_On)
    UART_Start_Receive_IT                    0x08002ff9   Thumb Code    54  stm32f1xx_hal_uart.o(i.UART_Start_Receive_IT)
    USART1_IRQHandler                        0x08003031   Thumb Code     6  stm32f1xx_it.o(i.USART1_IRQHandler)
    UsageFault_Handler                       0x0800303d   Thumb Code     2  stm32f1xx_it.o(i.UsageFault_Handler)
    _OLED_GetUTF8Len                         0x0800303f   Thumb Code    50  oled.o(i._OLED_GetUTF8Len)
    barrier_state                            0x08003091   Thumb Code   192  main.o(i.barrier_state)
    car_visual                               0x0800315d   Thumb Code    64  main.o(i.car_visual)
    check_state                              0x080031a9   Thumb Code   260  main.o(i.check_state)
    hcsr04_measure                           0x080032b5   Thumb Code   130  hcsr04.o(i.hcsr04_measure)
    hcsr04_start                             0x0800334d   Thumb Code    44  hcsr04.o(i.hcsr04_start)
    hcsr04_stop                              0x0800337d   Thumb Code    22  hcsr04.o(i.hcsr04_stop)
    main                                     0x08003399   Thumb Code   120  main.o(i.main)
    __aeabi_d2f                              0x0800341d   Thumb Code     0  d2f.o(x$fpl$d2f)
    _d2f                                     0x0800341d   Thumb Code    98  d2f.o(x$fpl$d2f)
    __fpl_dcmp_Inf                           0x0800347f   Thumb Code    24  dcmpi.o(x$fpl$dcmpinf)
    __aeabi_cdcmpeq                          0x08003499   Thumb Code     0  deqf.o(x$fpl$deqf)
    _dcmpeq                                  0x08003499   Thumb Code   120  deqf.o(x$fpl$deqf)
    __aeabi_d2iz                             0x08003511   Thumb Code     0  dfix.o(x$fpl$dfix)
    _dfix                                    0x08003511   Thumb Code    94  dfix.o(x$fpl$dfix)
    __aeabi_ui2d                             0x0800356f   Thumb Code     0  dflt_clz.o(x$fpl$dfltu)
    _dfltu                                   0x0800356f   Thumb Code    38  dflt_clz.o(x$fpl$dfltu)
    __aeabi_cdcmple                          0x08003595   Thumb Code     0  dleqf.o(x$fpl$dleqf)
    _dcmple                                  0x08003595   Thumb Code   120  dleqf.o(x$fpl$dleqf)
    __fpl_dcmple_InfNaN                      0x080035f7   Thumb Code     0  dleqf.o(x$fpl$dleqf)
    __aeabi_dmul                             0x0800360d   Thumb Code     0  dmul.o(x$fpl$dmul)
    _dmul                                    0x0800360d   Thumb Code   332  dmul.o(x$fpl$dmul)
    __fpl_dnaninf                            0x08003761   Thumb Code   156  dnaninf.o(x$fpl$dnaninf)
    __fpl_dretinf                            0x080037fd   Thumb Code    12  dretinf.o(x$fpl$dretinf)
    __aeabi_cdrcmple                         0x08003809   Thumb Code     0  drleqf.o(x$fpl$drleqf)
    _drcmple                                 0x08003809   Thumb Code   108  drleqf.o(x$fpl$drleqf)
    __aeabi_f2d                              0x08003875   Thumb Code     0  f2d.o(x$fpl$f2d)
    _f2d                                     0x08003875   Thumb Code    86  f2d.o(x$fpl$f2d)
    __fpl_fcheck_NaN1                        0x080038cd   Thumb Code     6  fcheck1.o(x$fpl$fcheck1)
    __aeabi_fdiv                             0x080038d9   Thumb Code     0  fdiv.o(x$fpl$fdiv)
    _fdiv                                    0x080038d9   Thumb Code   384  fdiv.o(x$fpl$fdiv)
    __aeabi_f2iz                             0x08003a5d   Thumb Code     0  ffix.o(x$fpl$ffix)
    _ffix                                    0x08003a5d   Thumb Code    54  ffix.o(x$fpl$ffix)
    __aeabi_f2uiz                            0x08003a95   Thumb Code     0  ffixu.o(x$fpl$ffixu)
    _ffixu                                   0x08003a95   Thumb Code    62  ffixu.o(x$fpl$ffixu)
    __aeabi_ui2f                             0x08003ad5   Thumb Code     0  fflt_clz.o(x$fpl$ffltu)
    _ffltu                                   0x08003ad5   Thumb Code    38  fflt_clz.o(x$fpl$ffltu)
    __aeabi_fmul                             0x08003afd   Thumb Code     0  fmul.o(x$fpl$fmul)
    _fmul                                    0x08003afd   Thumb Code   258  fmul.o(x$fpl$fmul)
    __fpl_fnaninf                            0x08003bff   Thumb Code   140  fnaninf.o(x$fpl$fnaninf)
    __fpl_fretinf                            0x08003c8b   Thumb Code    10  fretinf.o(x$fpl$fretinf)
    __fpl_return_NaN                         0x08003c95   Thumb Code   100  retnan.o(x$fpl$retnan)
    __ARM_scalbnf                            0x08003cf9   Thumb Code    76  scalbnf.o(x$fpl$scalbnf)
    __fpl_cmpreturn                          0x08003d45   Thumb Code    48  trapv.o(x$fpl$trapveneer)
    __I$use$fp                               0x08003d74   Number         0  usenofp.o(x$fpl$usenofp)
    ascii_16x8                               0x08003d74   Data        1520  font.o(.constdata)
    afont16x8                                0x08004364   Data           8  font.o(.constdata)
    zh16x16                                  0x0800436c   Data         144  font.o(.constdata)
    font16x16                                0x080043fc   Data          16  font.o(.constdata)
    AHBPrescTable                            0x0800441e   Data          16  system_stm32f1xx_1.o(.constdata)
    APBPrescTable                            0x0800442e   Data           8  system_stm32f1xx_1.o(.constdata)
    Region$$Table$$Base                      0x08004438   Number         0  anon$$obj.o(Region$$Table)
    Region$$Table$$Limit                     0x08004458   Number         0  anon$$obj.o(Region$$Table)
    success_hcsr04                           0x20000000   Data           4  hcsr04.o(.data)
    auto_state                               0x20000008   Data           1  main.o(.data)
    now_state                                0x20000009   Data           1  main.o(.data)
    now_barrier_state                        0x2000000a   Data           1  main.o(.data)
    speed                                    0x2000000b   Data           1  main.o(.data)
    distance                                 0x2000000c   Data           1  main.o(.data)
    angle                                    0x2000000d   Data           1  main.o(.data)
    one_round_time                           0x20000010   Data           4  main.o(.data)
    measure_distance                         0x20000018   Data           8  main.o(.data)
    receivedata                              0x20000028   Data           8  main.o(.data)
    uwTickFreq                               0x20000030   Data           1  stm32f1xx_hal.o(.data)
    uwTickPrio                               0x20000034   Data           4  stm32f1xx_hal.o(.data)
    uwTick                                   0x20000038   Data           4  stm32f1xx_hal.o(.data)
    SystemCoreClock                          0x2000003c   Data           4  system_stm32f1xx_1.o(.data)
    OLED_GRAM                                0x200000c1   Data        1024  oled.o(.bss)
    hi2c2                                    0x200004c4   Data          84  i2c.o(.bss)
    htim1                                    0x20000518   Data          72  tim.o(.bss)
    htim2                                    0x20000560   Data          72  tim.o(.bss)
    htim3                                    0x200005a8   Data          72  tim.o(.bss)
    huart1                                   0x200005f0   Data          72  usart.o(.bss)
    __libspace_start                         0x20000638   Data          96  libspace.o(.bss)
    __temporary_stack_top$libspace           0x20000698   Data           0  libspace.o(.bss)



==============================================================================

Memory Map of the image

  Image Entry point : 0x080000ed

  Load Region LR_IROM1 (Base: 0x08000000, Size: 0x00004498, Max: 0x00010000, ABSOLUTE)

    Execution Region ER_IROM1 (Base: 0x08000000, Size: 0x00004458, Max: 0x00010000, ABSOLUTE)

    Base Addr    Size         Type   Attr      Idx    E Section Name        Object

    0x08000000   0x000000ec   Data   RO            3    RESET               startup_stm32f103xb.o
    0x080000ec   0x00000008   Code   RO         3684  * !!!main             c_w.l(__main.o)
    0x080000f4   0x00000034   Code   RO         3918    !!!scatter          c_w.l(__scatter.o)
    0x08000128   0x0000001a   Code   RO         3920    !!handler_copy      c_w.l(__scatter_copy.o)
    0x08000142   0x00000002   PAD
    0x08000144   0x0000001c   Code   RO         3922    !!handler_zi        c_w.l(__scatter_zi.o)
    0x08000160   0x00000000   Code   RO         3673    .ARM.Collect$$_printf_percent$$00000000  c_w.l(_printf_percent.o)
    0x08000160   0x00000006   Code   RO         3672    .ARM.Collect$$_printf_percent$$00000009  c_w.l(_printf_d.o)
    0x08000166   0x00000004   Code   RO         3741    .ARM.Collect$$_printf_percent$$00000017  c_w.l(_printf_percent_end.o)
    0x0800016a   0x00000002   Code   RO         3787    .ARM.Collect$$libinit$$00000000  c_w.l(libinit.o)
    0x0800016c   0x00000000   Code   RO         3796    .ARM.Collect$$libinit$$00000002  c_w.l(libinit2.o)
    0x0800016c   0x00000000   Code   RO         3798    .ARM.Collect$$libinit$$00000004  c_w.l(libinit2.o)
    0x0800016c   0x00000000   Code   RO         3801    .ARM.Collect$$libinit$$0000000A  c_w.l(libinit2.o)
    0x0800016c   0x00000000   Code   RO         3803    .ARM.Collect$$libinit$$0000000C  c_w.l(libinit2.o)
    0x0800016c   0x00000000   Code   RO         3805    .ARM.Collect$$libinit$$0000000E  c_w.l(libinit2.o)
    0x0800016c   0x00000000   Code   RO         3808    .ARM.Collect$$libinit$$00000011  c_w.l(libinit2.o)
    0x0800016c   0x00000000   Code   RO         3810    .ARM.Collect$$libinit$$00000013  c_w.l(libinit2.o)
    0x0800016c   0x00000000   Code   RO         3812    .ARM.Collect$$libinit$$00000015  c_w.l(libinit2.o)
    0x0800016c   0x00000000   Code   RO         3814    .ARM.Collect$$libinit$$00000017  c_w.l(libinit2.o)
    0x0800016c   0x00000000   Code   RO         3816    .ARM.Collect$$libinit$$00000019  c_w.l(libinit2.o)
    0x0800016c   0x00000000   Code   RO         3818    .ARM.Collect$$libinit$$0000001B  c_w.l(libinit2.o)
    0x0800016c   0x00000000   Code   RO         3820    .ARM.Collect$$libinit$$0000001D  c_w.l(libinit2.o)
    0x0800016c   0x00000000   Code   RO         3822    .ARM.Collect$$libinit$$0000001F  c_w.l(libinit2.o)
    0x0800016c   0x00000000   Code   RO         3824    .ARM.Collect$$libinit$$00000021  c_w.l(libinit2.o)
    0x0800016c   0x00000000   Code   RO         3826    .ARM.Collect$$libinit$$00000023  c_w.l(libinit2.o)
    0x0800016c   0x00000000   Code   RO         3828    .ARM.Collect$$libinit$$00000025  c_w.l(libinit2.o)
    0x0800016c   0x00000000   Code   RO         3832    .ARM.Collect$$libinit$$0000002C  c_w.l(libinit2.o)
    0x0800016c   0x00000000   Code   RO         3834    .ARM.Collect$$libinit$$0000002E  c_w.l(libinit2.o)
    0x0800016c   0x00000000   Code   RO         3836    .ARM.Collect$$libinit$$00000030  c_w.l(libinit2.o)
    0x0800016c   0x00000000   Code   RO         3838    .ARM.Collect$$libinit$$00000032  c_w.l(libinit2.o)
    0x0800016c   0x00000002   Code   RO         3839    .ARM.Collect$$libinit$$00000033  c_w.l(libinit2.o)
    0x0800016e   0x00000002   Code   RO         3859    .ARM.Collect$$libshutdown$$00000000  c_w.l(libshutdown.o)
    0x08000170   0x00000000   Code   RO         3873    .ARM.Collect$$libshutdown$$00000003  c_w.l(libshutdown2.o)
    0x08000170   0x00000000   Code   RO         3876    .ARM.Collect$$libshutdown$$00000006  c_w.l(libshutdown2.o)
    0x08000170   0x00000000   Code   RO         3879    .ARM.Collect$$libshutdown$$00000009  c_w.l(libshutdown2.o)
    0x08000170   0x00000000   Code   RO         3881    .ARM.Collect$$libshutdown$$0000000B  c_w.l(libshutdown2.o)
    0x08000170   0x00000000   Code   RO         3884    .ARM.Collect$$libshutdown$$0000000E  c_w.l(libshutdown2.o)
    0x08000170   0x00000002   Code   RO         3885    .ARM.Collect$$libshutdown$$0000000F  c_w.l(libshutdown2.o)
    0x08000172   0x00000000   Code   RO         3734    .ARM.Collect$$rtentry$$00000000  c_w.l(__rtentry.o)
    0x08000172   0x00000000   Code   RO         3760    .ARM.Collect$$rtentry$$00000002  c_w.l(__rtentry2.o)
    0x08000172   0x00000006   Code   RO         3772    .ARM.Collect$$rtentry$$00000004  c_w.l(__rtentry4.o)
    0x08000178   0x00000000   Code   RO         3762    .ARM.Collect$$rtentry$$00000009  c_w.l(__rtentry2.o)
    0x08000178   0x00000004   Code   RO         3763    .ARM.Collect$$rtentry$$0000000A  c_w.l(__rtentry2.o)
    0x0800017c   0x00000000   Code   RO         3765    .ARM.Collect$$rtentry$$0000000C  c_w.l(__rtentry2.o)
    0x0800017c   0x00000008   Code   RO         3766    .ARM.Collect$$rtentry$$0000000D  c_w.l(__rtentry2.o)
    0x08000184   0x00000002   Code   RO         3793    .ARM.Collect$$rtexit$$00000000  c_w.l(rtexit.o)
    0x08000186   0x00000000   Code   RO         3841    .ARM.Collect$$rtexit$$00000002  c_w.l(rtexit2.o)
    0x08000186   0x00000004   Code   RO         3842    .ARM.Collect$$rtexit$$00000003  c_w.l(rtexit2.o)
    0x0800018a   0x00000006   Code   RO         3843    .ARM.Collect$$rtexit$$00000004  c_w.l(rtexit2.o)
    0x08000190   0x00000040   Code   RO            4    .text               startup_stm32f103xb.o
    0x080001d0   0x00000028   Code   RO         3646    .text               c_w.l(noretval__2sprintf.o)
    0x080001f8   0x00000068   Code   RO         3648    .text               c_w.l(__printf.o)
    0x08000260   0x00000078   Code   RO         3650    .text               c_w.l(_printf_dec.o)
    0x080002d8   0x00000058   Code   RO         3674    .text               c_w.l(memcmp.o)
    0x08000330   0x0000008a   Code   RO         3676    .text               c_w.l(rt_memcpy_v6.o)
    0x080003ba   0x00000044   Code   RO         3678    .text               c_w.l(rt_memclr.o)
    0x080003fe   0x0000004e   Code   RO         3680    .text               c_w.l(rt_memclr_w.o)
    0x0800044c   0x00000006   Code   RO         3682    .text               c_w.l(heapauxi.o)
    0x08000452   0x000000b2   Code   RO         3735    .text               c_w.l(_printf_intcommon.o)
    0x08000504   0x00000030   Code   RO         3737    .text               c_w.l(_printf_char_common.o)
    0x08000534   0x0000000a   Code   RO         3739    .text               c_w.l(_sputc.o)
    0x0800053e   0x00000064   Code   RO         3742    .text               c_w.l(rt_memcpy_w.o)
    0x080005a2   0x0000004a   Code   RO         3778    .text               c_w.l(sys_stackheap_outer.o)
    0x080005ec   0x0000000c   Code   RO         3780    .text               c_w.l(exit.o)
    0x080005f8   0x00000008   Code   RO         3790    .text               c_w.l(libspace.o)
    0x08000600   0x0000000c   Code   RO         3851    .text               c_w.l(sys_exit.o)
    0x0800060c   0x00000002   Code   RO         3862    .text               c_w.l(use_no_semi.o)
    0x0800060e   0x00000000   Code   RO         3864    .text               c_w.l(indicate_semi.o)
    0x0800060e   0x00000002   PAD
    0x08000610   0x00000044   Code   RO          417    i.Back              main.o
    0x08000654   0x00000002   Code   RO          713    i.BusFault_Handler  stm32f1xx_it.o
    0x08000656   0x00000002   Code   RO          714    i.DebugMon_Handler  stm32f1xx_it.o
    0x08000658   0x00000004   Code   RO          418    i.Error_Handler     main.o
    0x0800065c   0x00000044   Code   RO          419    i.Front             main.o
    0x080006a0   0x00000046   Code   RO         1673    i.HAL_DMA_Abort     stm32f1xx_hal_dma.o
    0x080006e6   0x00000002   PAD
    0x080006e8   0x00000098   Code   RO         1674    i.HAL_DMA_Abort_IT  stm32f1xx_hal_dma.o
    0x08000780   0x00000024   Code   RO         1299    i.HAL_Delay         stm32f1xx_hal.o
    0x080007a4   0x000001e0   Code   RO         1609    i.HAL_GPIO_Init     stm32f1xx_hal_gpio.o
    0x08000984   0x0000000a   Code   RO         1611    i.HAL_GPIO_ReadPin  stm32f1xx_hal_gpio.o
    0x0800098e   0x0000000a   Code   RO         1613    i.HAL_GPIO_WritePin  stm32f1xx_hal_gpio.o
    0x08000998   0x0000000c   Code   RO         1303    i.HAL_GetTick       stm32f1xx_hal.o
    0x080009a4   0x00000188   Code   RO          866    i.HAL_I2C_Init      stm32f1xx_hal_i2c.o
    0x08000b2c   0x0000012c   Code   RO          879    i.HAL_I2C_Master_Transmit  stm32f1xx_hal_i2c.o
    0x08000c58   0x00000060   Code   RO          570    i.HAL_I2C_MspInit   i2c.o
    0x08000cb8   0x00000010   Code   RO         1309    i.HAL_IncTick       stm32f1xx_hal.o
    0x08000cc8   0x00000024   Code   RO         1310    i.HAL_Init          stm32f1xx_hal.o
    0x08000cec   0x00000040   Code   RO         1311    i.HAL_InitTick      stm32f1xx_hal.o
    0x08000d2c   0x0000003c   Code   RO          795    i.HAL_MspInit       stm32f1xx_hal_msp.o
    0x08000d68   0x0000001a   Code   RO         1769    i.HAL_NVIC_EnableIRQ  stm32f1xx_hal_cortex.o
    0x08000d82   0x00000002   PAD
    0x08000d84   0x00000040   Code   RO         1775    i.HAL_NVIC_SetPriority  stm32f1xx_hal_cortex.o
    0x08000dc4   0x00000024   Code   RO         1776    i.HAL_NVIC_SetPriorityGrouping  stm32f1xx_hal_cortex.o
    0x08000de8   0x0000012c   Code   RO         1467    i.HAL_RCC_ClockConfig  stm32f1xx_hal_rcc.o
    0x08000f14   0x00000020   Code   RO         1474    i.HAL_RCC_GetPCLK1Freq  stm32f1xx_hal_rcc.o
    0x08000f34   0x00000020   Code   RO         1475    i.HAL_RCC_GetPCLK2Freq  stm32f1xx_hal_rcc.o
    0x08000f54   0x0000004c   Code   RO         1476    i.HAL_RCC_GetSysClockFreq  stm32f1xx_hal_rcc.o
    0x08000fa0   0x00000320   Code   RO         1479    i.HAL_RCC_OscConfig  stm32f1xx_hal_rcc.o
    0x080012c0   0x00000028   Code   RO         1780    i.HAL_SYSTICK_Config  stm32f1xx_hal_cortex.o
    0x080012e8   0x00000054   Code   RO         2978    i.HAL_TIMEx_ConfigBreakDeadTime  stm32f1xx_hal_tim_ex.o
    0x0800133c   0x00000068   Code   RO         2994    i.HAL_TIMEx_MasterConfigSynchronization  stm32f1xx_hal_tim_ex.o
    0x080013a4   0x0000005a   Code   RO         2271    i.HAL_TIM_Base_Init  stm32f1xx_hal_tim.o
    0x080013fe   0x00000002   PAD
    0x08001400   0x00000088   Code   RO          612    i.HAL_TIM_Base_MspInit  tim.o
    0x08001488   0x000000dc   Code   RO         2280    i.HAL_TIM_ConfigClockSource  stm32f1xx_hal_tim.o
    0x08001564   0x00000124   Code   RO         2307    i.HAL_TIM_IC_ConfigChannel  stm32f1xx_hal_tim.o
    0x08001688   0x0000005a   Code   RO         2310    i.HAL_TIM_IC_Init   stm32f1xx_hal_tim.o
    0x080016e2   0x00000002   Code   RO         2312    i.HAL_TIM_IC_MspInit  stm32f1xx_hal_tim.o
    0x080016e4   0x000000b8   Code   RO         2313    i.HAL_TIM_IC_Start  stm32f1xx_hal_tim.o
    0x0800179c   0x00000052   Code   RO         2316    i.HAL_TIM_IC_Stop   stm32f1xx_hal_tim.o
    0x080017ee   0x00000002   PAD
    0x080017f0   0x000000ac   Code   RO          613    i.HAL_TIM_MspPostInit  tim.o
    0x0800189c   0x000000cc   Code   RO         2343    i.HAL_TIM_PWM_ConfigChannel  stm32f1xx_hal_tim.o
    0x08001968   0x0000005a   Code   RO         2346    i.HAL_TIM_PWM_Init  stm32f1xx_hal_tim.o
    0x080019c2   0x00000002   Code   RO         2348    i.HAL_TIM_PWM_MspInit  stm32f1xx_hal_tim.o
    0x080019c4   0x0000009c   Code   RO         2351    i.HAL_TIM_PWM_Start  stm32f1xx_hal_tim.o
    0x08001a60   0x00000070   Code   RO         2354    i.HAL_TIM_PWM_Stop  stm32f1xx_hal_tim.o
    0x08001ad0   0x00000002   Code   RO         3254    i.HAL_UARTEx_RxEventCallback  stm32f1xx_hal_uart.o
    0x08001ad2   0x00000002   Code   RO         3268    i.HAL_UART_ErrorCallback  stm32f1xx_hal_uart.o
    0x08001ad4   0x0000026c   Code   RO         3271    i.HAL_UART_IRQHandler  stm32f1xx_hal_uart.o
    0x08001d40   0x00000064   Code   RO         3272    i.HAL_UART_Init     stm32f1xx_hal_uart.o
    0x08001da4   0x00000080   Code   RO          672    i.HAL_UART_MspInit  usart.o
    0x08001e24   0x0000001c   Code   RO         3277    i.HAL_UART_Receive_IT  stm32f1xx_hal_uart.o
    0x08001e40   0x00000090   Code   RO          420    i.HAL_UART_RxCpltCallback  main.o
    0x08001ed0   0x00000032   Code   RO         3282    i.HAL_UART_Transmit_IT  stm32f1xx_hal_uart.o
    0x08001f02   0x00000002   Code   RO         3283    i.HAL_UART_TxCpltCallback  stm32f1xx_hal_uart.o
    0x08001f04   0x00000002   Code   RO          715    i.HardFault_Handler  stm32f1xx_it.o
    0x08001f06   0x0000002e   Code   RO          909    i.I2C_IsAcknowledgeFailed  stm32f1xx_hal_i2c.o
    0x08001f34   0x0000009c   Code   RO          913    i.I2C_MasterRequestWrite  stm32f1xx_hal_i2c.o
    0x08001fd0   0x00000056   Code   RO          924    i.I2C_WaitOnBTFFlagUntilTimeout  stm32f1xx_hal_i2c.o
    0x08002026   0x00000002   PAD
    0x08002028   0x00000090   Code   RO          925    i.I2C_WaitOnFlagUntilTimeout  stm32f1xx_hal_i2c.o
    0x080020b8   0x000000bc   Code   RO          926    i.I2C_WaitOnMasterAddressFlagUntilTimeout  stm32f1xx_hal_i2c.o
    0x08002174   0x00000056   Code   RO          928    i.I2C_WaitOnTXEFlagUntilTimeout  stm32f1xx_hal_i2c.o
    0x080021ca   0x00000002   PAD
    0x080021cc   0x00000044   Code   RO          421    i.Left              main.o
    0x08002210   0x000000b4   Code   RO          545    i.MX_GPIO_Init      gpio.o
    0x080022c4   0x00000040   Code   RO          571    i.MX_I2C2_Init      i2c.o
    0x08002304   0x000000d0   Code   RO          614    i.MX_TIM1_Init      tim.o
    0x080023d4   0x000000a8   Code   RO          615    i.MX_TIM2_Init      tim.o
    0x0800247c   0x000000ac   Code   RO          616    i.MX_TIM3_Init      tim.o
    0x08002528   0x00000038   Code   RO          673    i.MX_USART1_UART_Init  usart.o
    0x08002560   0x00000002   Code   RO          716    i.MemManage_Handler  stm32f1xx_it.o
    0x08002562   0x00000002   Code   RO          717    i.NMI_Handler       stm32f1xx_it.o
    0x08002564   0x000000b6   Code   RO          191    i.OLED_Init         oled.o
    0x0800261a   0x00000002   PAD
    0x0800261c   0x00000010   Code   RO          192    i.OLED_NewFrame     oled.o
    0x0800262c   0x00000020   Code   RO          193    i.OLED_PrintASCIIChar  oled.o
    0x0800264c   0x000000b6   Code   RO          195    i.OLED_PrintString  oled.o
    0x08002702   0x00000002   PAD
    0x08002704   0x0000001c   Code   RO          196    i.OLED_Send         oled.o
    0x08002720   0x00000010   Code   RO          197    i.OLED_SendCmd      oled.o
    0x08002730   0x00000048   Code   RO          198    i.OLED_SetBits      oled.o
    0x08002778   0x00000068   Code   RO          199    i.OLED_SetBits_Fine  oled.o
    0x080027e0   0x00000088   Code   RO          200    i.OLED_SetBlock     oled.o
    0x08002868   0x00000048   Code   RO          202    i.OLED_SetByte_Fine  oled.o
    0x080028b0   0x00000048   Code   RO          205    i.OLED_ShowFrame    oled.o
    0x080028f8   0x0000010c   Code   RO          422    i.OLED_display_update  main.o
    0x08002a04   0x00000002   Code   RO          718    i.PendSV_Handler    stm32f1xx_it.o
    0x08002a06   0x00000002   PAD
    0x08002a08   0x00000044   Code   RO          423    i.Right             main.o
    0x08002a4c   0x00000002   Code   RO          719    i.SVC_Handler       stm32f1xx_it.o
    0x08002a4e   0x00000002   PAD
    0x08002a50   0x00000044   Code   RO          425    i.Stop              main.o
    0x08002a94   0x00000004   Code   RO          720    i.SysTick_Handler   stm32f1xx_it.o
    0x08002a98   0x0000005e   Code   RO          426    i.SystemClock_Config  main.o
    0x08002af6   0x00000002   Code   RO         3606    i.SystemInit        system_stm32f1xx_1.o
    0x08002af8   0x00000078   Code   RO         2364    i.TIM_Base_SetConfig  stm32f1xx_hal_tim.o
    0x08002b70   0x0000001a   Code   RO         2365    i.TIM_CCxChannelCmd  stm32f1xx_hal_tim.o
    0x08002b8a   0x00000014   Code   RO         2375    i.TIM_ETR_SetConfig  stm32f1xx_hal_tim.o
    0x08002b9e   0x00000010   Code   RO         2376    i.TIM_ITRx_SetConfig  stm32f1xx_hal_tim.o
    0x08002bae   0x00000002   PAD
    0x08002bb0   0x00000050   Code   RO         2377    i.TIM_OC1_SetConfig  stm32f1xx_hal_tim.o
    0x08002c00   0x00000058   Code   RO         2378    i.TIM_OC2_SetConfig  stm32f1xx_hal_tim.o
    0x08002c58   0x00000058   Code   RO         2379    i.TIM_OC3_SetConfig  stm32f1xx_hal_tim.o
    0x08002cb0   0x00000044   Code   RO         2380    i.TIM_OC4_SetConfig  stm32f1xx_hal_tim.o
    0x08002cf4   0x00000022   Code   RO         2382    i.TIM_TI1_ConfigInputStage  stm32f1xx_hal_tim.o
    0x08002d16   0x00000002   PAD
    0x08002d18   0x00000058   Code   RO         2383    i.TIM_TI1_SetConfig  stm32f1xx_hal_tim.o
    0x08002d70   0x00000024   Code   RO         2384    i.TIM_TI2_ConfigInputStage  stm32f1xx_hal_tim.o
    0x08002d94   0x00000036   Code   RO         2385    i.TIM_TI2_SetConfig  stm32f1xx_hal_tim.o
    0x08002dca   0x00000002   PAD
    0x08002dcc   0x0000002c   Code   RO          427    i.Turn_Off          main.o
    0x08002df8   0x00000028   Code   RO          428    i.Turn_On           main.o
    0x08002e20   0x00000010   Code   RO         3285    i.UART_DMAAbortOnError  stm32f1xx_hal_uart.o
    0x08002e30   0x0000004e   Code   RO         3295    i.UART_EndRxTransfer  stm32f1xx_hal_uart.o
    0x08002e7e   0x000000c2   Code   RO         3297    i.UART_Receive_IT   stm32f1xx_hal_uart.o
    0x08002f40   0x000000b8   Code   RO         3298    i.UART_SetConfig    stm32f1xx_hal_uart.o
    0x08002ff8   0x00000036   Code   RO         3300    i.UART_Start_Receive_IT  stm32f1xx_hal_uart.o
    0x0800302e   0x00000002   PAD
    0x08003030   0x0000000c   Code   RO          721    i.USART1_IRQHandler  stm32f1xx_it.o
    0x0800303c   0x00000002   Code   RO          722    i.UsageFault_Handler  stm32f1xx_it.o
    0x0800303e   0x00000032   Code   RO          206    i._OLED_GetUTF8Len  oled.o
    0x08003070   0x00000020   Code   RO         1782    i.__NVIC_SetPriority  stm32f1xx_hal_cortex.o
    0x08003090   0x000000cc   Code   RO          429    i.barrier_state     main.o
    0x0800315c   0x0000004c   Code   RO          430    i.car_visual        main.o
    0x080031a8   0x0000010c   Code   RO          431    i.check_state       main.o
    0x080032b4   0x00000098   Code   RO           43    i.hcsr04_measure    hcsr04.o
    0x0800334c   0x00000030   Code   RO           44    i.hcsr04_start      hcsr04.o
    0x0800337c   0x0000001c   Code   RO           45    i.hcsr04_stop       hcsr04.o
    0x08003398   0x00000084   Code   RO          432    i.main              main.o
    0x0800341c   0x00000062   Code   RO         3686    x$fpl$d2f           fz_ws.l(d2f.o)
    0x0800347e   0x00000018   Code   RO         3744    x$fpl$dcmpinf       fz_ws.l(dcmpi.o)
    0x08003496   0x00000002   PAD
    0x08003498   0x00000078   Code   RO         3694    x$fpl$deqf          fz_ws.l(deqf.o)
    0x08003510   0x0000005e   Code   RO         3696    x$fpl$dfix          fz_ws.l(dfix.o)
    0x0800356e   0x00000026   Code   RO         3700    x$fpl$dfltu         fz_ws.l(dflt_clz.o)
    0x08003594   0x00000078   Code   RO         3746    x$fpl$dleqf         fz_ws.l(dleqf.o)
    0x0800360c   0x00000154   Code   RO         3706    x$fpl$dmul          fz_ws.l(dmul.o)
    0x08003760   0x0000009c   Code   RO         3748    x$fpl$dnaninf       fz_ws.l(dnaninf.o)
    0x080037fc   0x0000000c   Code   RO         3750    x$fpl$dretinf       fz_ws.l(dretinf.o)
    0x08003808   0x0000006c   Code   RO         3708    x$fpl$drleqf        fz_ws.l(drleqf.o)
    0x08003874   0x00000056   Code   RO         3710    x$fpl$f2d           fz_ws.l(f2d.o)
    0x080038ca   0x00000002   PAD
    0x080038cc   0x0000000c   Code   RO         3752    x$fpl$fcheck1       fz_ws.l(fcheck1.o)
    0x080038d8   0x00000184   Code   RO         3713    x$fpl$fdiv          fz_ws.l(fdiv.o)
    0x08003a5c   0x00000036   Code   RO         3716    x$fpl$ffix          fz_ws.l(ffix.o)
    0x08003a92   0x00000002   PAD
    0x08003a94   0x0000003e   Code   RO         3720    x$fpl$ffixu         fz_ws.l(ffixu.o)
    0x08003ad2   0x00000002   PAD
    0x08003ad4   0x00000026   Code   RO         3724    x$fpl$ffltu         fz_ws.l(fflt_clz.o)
    0x08003afa   0x00000002   PAD
    0x08003afc   0x00000102   Code   RO         3730    x$fpl$fmul          fz_ws.l(fmul.o)
    0x08003bfe   0x0000008c   Code   RO         3754    x$fpl$fnaninf       fz_ws.l(fnaninf.o)
    0x08003c8a   0x0000000a   Code   RO         3756    x$fpl$fretinf       fz_ws.l(fretinf.o)
    0x08003c94   0x00000064   Code   RO         3776    x$fpl$retnan        fz_ws.l(retnan.o)
    0x08003cf8   0x0000004c   Code   RO         3732    x$fpl$scalbnf       fz_ws.l(scalbnf.o)
    0x08003d44   0x00000030   Code   RO         3788    x$fpl$trapveneer    fz_ws.l(trapv.o)
    0x08003d74   0x00000000   Code   RO         3758    x$fpl$usenofp       fz_ws.l(usenofp.o)
    0x08003d74   0x000005f0   Data   RO           14    .constdata          font.o
    0x08004364   0x00000008   Data   RO           15    .constdata          font.o
    0x0800436c   0x00000090   Data   RO           18    .constdata          font.o
    0x080043fc   0x00000010   Data   RO           19    .constdata          font.o
    0x0800440c   0x00000012   Data   RO         1480    .constdata          stm32f1xx_hal_rcc.o
    0x0800441e   0x00000010   Data   RO         3607    .constdata          system_stm32f1xx_1.o
    0x0800442e   0x00000008   Data   RO         3608    .constdata          system_stm32f1xx_1.o
    0x08004436   0x00000002   PAD
    0x08004438   0x00000020   Data   RO         3916    Region$$Table       anon$$obj.o


    Execution Region RW_IRAM1 (Base: 0x20000000, Size: 0x00000c98, Max: 0x00005000, ABSOLUTE)

    Base Addr    Size         Type   Attr      Idx    E Section Name        Object

    0x20000000   0x00000004   Data   RW           46    .data               hcsr04.o
    0x20000004   0x00000004   Data   RW          208    .data               oled.o
    0x20000008   0x00000028   Data   RW          433    .data               main.o
    0x20000030   0x0000000c   Data   RW         1317    .data               stm32f1xx_hal.o
    0x2000003c   0x00000004   Data   RW         3609    .data               system_stm32f1xx_1.o
    0x20000040   0x00000481   Zero   RW          207    .bss                oled.o
    0x200004c1   0x00000003   PAD
    0x200004c4   0x00000054   Zero   RW          572    .bss                i2c.o
    0x20000518   0x000000d8   Zero   RW          617    .bss                tim.o
    0x200005f0   0x00000048   Zero   RW          674    .bss                usart.o
    0x20000638   0x00000060   Zero   RW         3791    .bss                c_w.l(libspace.o)
    0x20000698   0x00000200   Zero   RW            2    HEAP                startup_stm32f103xb.o
    0x20000898   0x00000400   Zero   RW            1    STACK               startup_stm32f103xb.o


==============================================================================

Image component sizes


      Code (inc. data)   RO Data    RW Data    ZI Data      Debug   Object Name

         0          0       1688          0          0       6149   font.o
       180         14          0          0          0        927   gpio.o
       228         32          0          4          0     431279   hcsr04.o
       160         28          0          0         84       1585   i2c.o
      1614        238          0         40          0       9762   main.o
       962         28          0          4       1153       9535   oled.o
        64         26        236          0       1536        804   startup_stm32f103xb.o
       164         28          0         12          0       5789   stm32f1xx_hal.o
       198         14          0          0          0      28575   stm32f1xx_hal_cortex.o
       222          4          0          0          0       1663   stm32f1xx_hal_dma.o
       500         34          0          0          0       3115   stm32f1xx_hal_gpio.o
      1398         32          0          0          0       7985   stm32f1xx_hal_i2c.o
        60          8          0          0          0        862   stm32f1xx_hal_msp.o
      1240         84         18          0          0       4832   stm32f1xx_hal_rcc.o
      2242         72          0          0          0      16806   stm32f1xx_hal_tim.o
       188         12          0          0          0       2024   stm32f1xx_hal_tim_ex.o
      1330         10          0          0          0       8783   stm32f1xx_hal_uart.o
        32          6          0          0          0       4258   stm32f1xx_it.o
         2          0         24          4          0       1103   system_stm32f1xx_1.o
       856         62          0          0        216       4086   tim.o
       184         20          0          0         72       1646   usart.o

    ----------------------------------------------------------------------
     11852        752       2000         64       3064     551568   Object Totals
         0          0         32          0          0          0   (incl. Generated)
        28          0          2          0          3          0   (incl. Padding)

    ----------------------------------------------------------------------

      Code (inc. data)   RO Data    RW Data    ZI Data      Debug   Library Member Name

         8          0          0          0          0         68   __main.o
       104          0          0          0          0         84   __printf.o
         0          0          0          0          0          0   __rtentry.o
        12          0          0          0          0          0   __rtentry2.o
         6          0          0          0          0          0   __rtentry4.o
        52          8          0          0          0          0   __scatter.o
        26          0          0          0          0          0   __scatter_copy.o
        28          0          0          0          0          0   __scatter_zi.o
        48          6          0          0          0         96   _printf_char_common.o
         6          0          0          0          0          0   _printf_d.o
       120         16          0          0          0         92   _printf_dec.o
       178          0          0          0          0         88   _printf_intcommon.o
         0          0          0          0          0          0   _printf_percent.o
         4          0          0          0          0          0   _printf_percent_end.o
        10          0          0          0          0         68   _sputc.o
        12          0          0          0          0         72   exit.o
         6          0          0          0          0        152   heapauxi.o
         0          0          0          0          0          0   indicate_semi.o
         2          0          0          0          0          0   libinit.o
         2          0          0          0          0          0   libinit2.o
         2          0          0          0          0          0   libshutdown.o
         2          0          0          0          0          0   libshutdown2.o
         8          4          0          0         96         68   libspace.o
        88          0          0          0          0         76   memcmp.o
        40          6          0          0          0         84   noretval__2sprintf.o
        68          0          0          0          0         68   rt_memclr.o
        78          0          0          0          0         80   rt_memclr_w.o
       138          0          0          0          0         68   rt_memcpy_v6.o
       100          0          0          0          0         80   rt_memcpy_w.o
         2          0          0          0          0          0   rtexit.o
        10          0          0          0          0          0   rtexit2.o
        12          4          0          0          0         68   sys_exit.o
        74          0          0          0          0         80   sys_stackheap_outer.o
         2          0          0          0          0         68   use_no_semi.o
        98          4          0          0          0         92   d2f.o
        24          0          0          0          0         68   dcmpi.o
       120          4          0          0          0         92   deqf.o
        94          4          0          0          0         92   dfix.o
        38          0          0          0          0         68   dflt_clz.o
       120          4          0          0          0         92   dleqf.o
       340         12          0          0          0        104   dmul.o
       156          4          0          0          0         92   dnaninf.o
        12          0          0          0          0         68   dretinf.o
       108          0          0          0          0         80   drleqf.o
        86          4          0          0          0         84   f2d.o
        12          4          0          0          0         68   fcheck1.o
       388         76          0          0          0         96   fdiv.o
        54          4          0          0          0         84   ffix.o
        62          4          0          0          0         84   ffixu.o
        38          0          0          0          0         68   fflt_clz.o
       258          4          0          0          0         84   fmul.o
       140          4          0          0          0         84   fnaninf.o
        10          0          0          0          0         68   fretinf.o
       100          0          0          0          0         68   retnan.o
        76          0          0          0          0         68   scalbnf.o
        48          0          0          0          0         68   trapv.o
         0          0          0          0          0          0   usenofp.o

    ----------------------------------------------------------------------
      3644        176          0          0         96       3232   Library Totals
        14          0          0          0          0          0   (incl. Padding)

    ----------------------------------------------------------------------

      Code (inc. data)   RO Data    RW Data    ZI Data      Debug   Library Name

      1248         44          0          0         96       1460   c_w.l
      2382        132          0          0          0       1772   fz_ws.l

    ----------------------------------------------------------------------
      3644        176          0          0         96       3232   Library Totals

    ----------------------------------------------------------------------

==============================================================================


      Code (inc. data)   RO Data    RW Data    ZI Data      Debug   

     15496        928       2000         64       3160     547048   Grand Totals
     15496        928       2000         64       3160     547048   ELF Image Totals
     15496        928       2000         64          0          0   ROM Totals

==============================================================================

    Total RO  Size (Code + RO Data)                17496 (  17.09kB)
    Total RW  Size (RW Data + ZI Data)              3224 (   3.15kB)
    Total ROM Size (Code + RO Data + RW Data)      17560 (  17.15kB)

==============================================================================

